Component: ARM Compiler 5.06 update 6 (build 750) Tool: armlink [4d35ed]

==============================================================================

Section Cross References

    main.o(.text) refers to lcd.o(.text) for LCD_ShowString
    main.o(.text) refers to misc.o(.text) for NVIC_PriorityGroupConfig
    main.o(.text) refers to delay.o(.text) for delay_init
    main.o(.text) refers to usart.o(.text) for uart_init
    main.o(.text) refers to led.o(.text) for LED_Init
    main.o(.text) refers to key.o(.text) for KEY_Init
    main.o(.text) refers to adc.o(.text) for Adc_Init
    main.o(.text) refers to dac.o(.text) for Dac1_Init
    main.o(.text) refers to stm32f10x_gpio.o(.text) for GPIO_ReadInputDataBit
    main.o(.text) refers to dflt_clz.o(x$fpl$dflt) for __aeabi_i2d
    main.o(.text) refers to dmul.o(x$fpl$dmul) for __aeabi_dmul
    main.o(.text) refers to ddiv.o(x$fpl$ddiv) for __aeabi_ddiv
    main.o(.text) refers to f2d.o(x$fpl$f2d) for __aeabi_f2d
    main.o(.text) refers to daddsub_clz.o(x$fpl$dsub) for __aeabi_dsub
    main.o(.text) refers to d2f.o(x$fpl$d2f) for __aeabi_d2f
    main.o(.text) refers to fdiv.o(x$fpl$fdiv) for __aeabi_fdiv
    main.o(.text) refers to fmul.o(x$fpl$fmul) for __aeabi_fmul
    main.o(.text) refers to faddsub_clz.o(x$fpl$fsub) for __aeabi_fsub
    main.o(.text) refers to stm32f10x_dac.o(.text) for DAC_SetChannel1Data
    main.o(.text) refers to main.o(.data) for R1_state
    main.o(.text) refers to fflt_clz.o(x$fpl$fflt) for __aeabi_i2f
    main.o(.text) refers to log10.o(i.log10) for log10
    main.o(.text) refers to dfixu.o(x$fpl$dfixu) for __aeabi_d2uiz
    main.o(.text) refers to ffixu.o(x$fpl$ffixu) for __aeabi_f2uiz
    main.o(.text) refers to lcd.o(.data) for POINT_COLOR
    system_stm32f10x.o(.text) refers to system_stm32f10x.o(.data) for SystemCoreClock
    led.o(.text) refers to stm32f10x_rcc.o(.text) for RCC_APB2PeriphClockCmd
    led.o(.text) refers to stm32f10x_gpio.o(.text) for GPIO_Init
    lcd.o(.text) refers to _printf_percent.o(.ARM.Collect$$_printf_percent$$00000000) for _printf_percent
    lcd.o(.text) refers to _printf_x.o(.ARM.Collect$$_printf_percent$$0000000C) for _printf_x
    lcd.o(.text) refers to _printf_hex_int.o(.text) for _printf_longlong_hex
    lcd.o(.text) refers to delay.o(.text) for delay_us
    lcd.o(.text) refers to lcd.o(.bss) for lcddev
    lcd.o(.text) refers to dflt_clz.o(x$fpl$dfltu) for __aeabi_ui2d
    lcd.o(.text) refers to dmul.o(x$fpl$dmul) for __aeabi_dmul
    lcd.o(.text) refers to dfixu.o(x$fpl$dfixu) for __aeabi_d2uiz
    lcd.o(.text) refers to lcd.o(.data) for POINT_COLOR
    lcd.o(.text) refers to stm32f10x_rcc.o(.text) for RCC_APB2PeriphClockCmd
    lcd.o(.text) refers to stm32f10x_gpio.o(.text) for GPIO_PinRemapConfig
    lcd.o(.text) refers to noretval__2printf.o(.text) for __2printf
    lcd.o(.text) refers to lcd.o(.constdata) for asc2_1206
    adc.o(.text) refers to stm32f10x_rcc.o(.text) for RCC_APB2PeriphClockCmd
    adc.o(.text) refers to stm32f10x_gpio.o(.text) for GPIO_Init
    adc.o(.text) refers to stm32f10x_adc.o(.text) for ADC_DeInit
    adc.o(.text) refers to delay.o(.text) for delay_ms
    key.o(.text) refers to stm32f10x_rcc.o(.text) for RCC_APB2PeriphClockCmd
    key.o(.text) refers to stm32f10x_gpio.o(.text) for GPIO_PinRemapConfig
    key.o(.text) refers to delay.o(.text) for delay_ms
    key.o(.text) refers to key.o(.data) for key_up
    dac.o(.text) refers to stm32f10x_rcc.o(.text) for RCC_APB2PeriphClockCmd
    dac.o(.text) refers to stm32f10x_gpio.o(.text) for GPIO_Init
    dac.o(.text) refers to stm32f10x_dac.o(.text) for DAC_Init
    dac.o(.text) refers to fflt_clz.o(x$fpl$ffltu) for __aeabi_ui2f
    dac.o(.text) refers to fdiv.o(x$fpl$fdiv) for __aeabi_fdiv
    dac.o(.text) refers to fmul.o(x$fpl$fmul) for __aeabi_fmul
    dac.o(.text) refers to f2d.o(x$fpl$f2d) for __aeabi_f2d
    dac.o(.text) refers to ddiv.o(x$fpl$ddiv) for __aeabi_ddiv
    dac.o(.text) refers to d2f.o(x$fpl$d2f) for __aeabi_d2f
    dac.o(.text) refers to ffixu.o(x$fpl$ffixu) for __aeabi_f2uiz
    timer.o(.text) refers to stm32f10x_rcc.o(.text) for RCC_APB1PeriphClockCmd
    timer.o(.text) refers to stm32f10x_tim.o(.text) for TIM_TimeBaseInit
    timer.o(.text) refers to misc.o(.text) for NVIC_Init
    delay.o(.text) refers to misc.o(.text) for SysTick_CLKSourceConfig
    delay.o(.text) refers to system_stm32f10x.o(.data) for SystemCoreClock
    delay.o(.text) refers to delay.o(.data) for fac_us
    usart.o(.text) refers (Special) to use_no_semi_2.o(.text) for __use_no_semihosting
    usart.o(.text) refers to stm32f10x_rcc.o(.text) for RCC_APB2PeriphClockCmd
    usart.o(.text) refers to stm32f10x_gpio.o(.text) for GPIO_Init
    usart.o(.text) refers to misc.o(.text) for NVIC_Init
    usart.o(.text) refers to stm32f10x_usart.o(.text) for USART_Init
    usart.o(.text) refers to usart.o(.data) for USART_RX_STA
    usart.o(.text) refers to usart.o(.bss) for USART_RX_BUF
[...]
    ../clib/printf.c                         0x00000000   Number         0  _printf_hex_ptr.o ABSOLUTE
    ../clib/printf.c                         0x00000000   Number         0  _printf_hex_int_ptr.o ABSOLUTE
    ../clib/printf.c                         0x00000000   Number         0  _printf_hex_ll_ptr.o ABSOLUTE
    ../clib/printf.c                         0x00000000   Number         0  __printf_flags.o ABSOLUTE
    ../clib/printf.c                         0x00000000   Number         0  __printf_ss.o ABSOLUTE
    ../clib/printf.c                         0x00000000   Number         0  __printf_flags_ss.o ABSOLUTE
    ../clib/printf.c                         0x00000000   Number         0  __printf_flags_ss_wp.o ABSOLUTE
    ../clib/printf.c                         0x00000000   Number         0  _printf_hex_int_ll_ptr.o ABSOLUTE
    ../clib/printf_percent.s                 0x00000000   Number         0  _printf_x.o ABSOLUTE
    ../clib/printf_percent.s                 0x00000000   Number         0  _printf_percent.o ABSOLUTE
    ../clib/printf_percent.s                 0x00000000   Number         0  _printf_percent_end.o ABSOLUTE
    ../clib/signal.c                         0x00000000   Number         0  defsig_rtmem_inner.o ABSOLUTE
    ../clib/signal.c                         0x00000000   Number         0  defsig_exit.o ABSOLUTE
    ../clib/signal.c                         0x00000000   Number         0  defsig_rtmem_formal.o ABSOLUTE
    ../clib/signal.c                         0x00000000   Number         0  __raise.o ABSOLUTE
    ../clib/signal.c                         0x00000000   Number         0  defsig_fpe_inner.o ABSOLUTE
    ../clib/signal.c                         0x00000000   Number         0  defsig_rtmem_outer.o ABSOLUTE
    ../clib/signal.c                         0x00000000   Number         0  defsig_rtred_inner.o ABSOLUTE
    ../clib/signal.c                         0x00000000   Number         0  defsig_stak_inner.o ABSOLUTE
    ../clib/signal.c                         0x00000000   Number         0  defsig_pvfn_inner.o ABSOLUTE
    ../clib/signal.c                         0x00000000   Number         0  defsig_cppl_inner.o ABSOLUTE
    ../clib/signal.c                         0x00000000   Number         0  defsig_segv_inner.o ABSOLUTE
    ../clib/signal.c                         0x00000000   Number         0  defsig_other.o ABSOLUTE
    ../clib/signal.c                         0x00000000   Number         0  defsig_abrt_inner.o ABSOLUTE
    ../clib/signal.c                         0x00000000   Number         0  defsig_general.o ABSOLUTE
    ../clib/signal.s                         0x00000000   Number         0  defsig.o ABSOLUTE
    ../clib/stdio.c                          0x00000000   Number         0  ferror_locked.o ABSOLUTE
    ../clib/stdio.c                          0x00000000   Number         0  ferror.o ABSOLUTE
    ../clib/stdlib.c                         0x00000000   Number         0  exit.o ABSOLUTE
    ../fplib/d2f.s                           0x00000000   Number         0  d2f.o ABSOLUTE
    ../fplib/daddsub.s                       0x00000000   Number         0  daddsub_clz.o ABSOLUTE
    ../fplib/dcheck1.s                       0x00000000   Number         0  dcheck1.o ABSOLUTE
    ../fplib/dcmpi.s                         0x00000000   Number         0  dcmpi.o ABSOLUTE
    ../fplib/ddiv.s                          0x00000000   Number         0  ddiv.o ABSOLUTE
    ../fplib/deqf.s                          0x00000000   Number         0  deqf.o ABSOLUTE
    ../fplib/dfixu.s                         0x00000000   Number         0  dfixu.o ABSOLUTE
    ../fplib/dflt.s                          0x00000000   Number         0  dflt_clz.o ABSOLUTE
    ../fplib/dmul.s                          0x00000000   Number         0  dmul.o ABSOLUTE
    ../fplib/dnaninf.s                       0x00000000   Number         0  dnaninf.o ABSOLUTE
    ../fplib/dretinf.s                       0x00000000   Number         0  dretinf.o ABSOLUTE
    ../fplib/f2d.s                           0x00000000   Number         0  f2d.o ABSOLUTE
    ../fplib/faddsub.s                       0x00000000   Number         0  faddsub_clz.o ABSOLUTE
    ../fplib/fdiv.s                          0x00000000   Number         0  fdiv.o ABSOLUTE
    ../fplib/ffixu.s                         0x00000000   Number         0  ffixu.o ABSOLUTE
    ../fplib/fflt.s                          0x00000000   Number         0  fflt_clz.o ABSOLUTE
    ../fplib/fmul.s                          0x00000000   Number         0  fmul.o ABSOLUTE
    ../fplib/fnaninf.s                       0x00000000   Number         0  fnaninf.o ABSOLUTE
    ../fplib/fpinit.s                        0x00000000   Number         0  fpinit.o ABSOLUTE
    ../fplib/fretinf.s                       0x00000000   Number         0  fretinf.o ABSOLUTE
    ../fplib/retnan.s                        0x00000000   Number         0  retnan.o ABSOLUTE
    ../fplib/scalbn.s                        0x00000000   Number         0  scalbn.o ABSOLUTE
    ../fplib/trapv.s                         0x00000000   Number         0  trapv.o ABSOLUTE
    ../fplib/usenofp.s                       0x00000000   Number         0  usenofp.o ABSOLUTE
    ../mathlib/dunder.c                      0x00000000   Number         0  dunder.o ABSOLUTE
    ../mathlib/log.c                         0x00000000   Number         0  log_x.o ABSOLUTE
    ../mathlib/log.c                         0x00000000   Number         0  log.o ABSOLUTE
    ../mathlib/log10.c                       0x00000000   Number         0  log10_x.o ABSOLUTE
    ../mathlib/log10.c                       0x00000000   Number         0  log10.o ABSOLUTE
    ../mathlib/poly.c                        0x00000000   Number         0  poly.o ABSOLUTE
    ../mathlib/qnan.c                        0x00000000   Number         0  qnan.o ABSOLUTE
    ..\CORE\core_cm3.c                       0x00000000   Number         0  core_cm3.o ABSOLUTE
    ..\CORE\startup_stm32f10x_hd.s           0x00000000   Number         0  startup_stm32f10x_hd.o ABSOLUTE
    ..\HARDWARE\ADC\adc.c                    0x00000000   Number         0  adc.o ABSOLUTE
    ..\HARDWARE\DAC\dac.c                    0x00000000   Number         0  dac.o ABSOLUTE
    ..\HARDWARE\KEY\key.c                    0x00000000   Number         0  key.o ABSOLUTE
    ..\HARDWARE\LCD\lcd.c                    0x00000000   Number         0  lcd.o ABSOLUTE
    ..\HARDWARE\LED\led.c                    0x00000000   Number         0  led.o ABSOLUTE
    ..\STM32F10x_FWLib\src\misc.c            0x00000000   Number         0  misc.o ABSOLUTE
    ..\STM32F10x_FWLib\src\stm32f10x_adc.c   0x00000000   Number         0  stm32f10x_adc.o ABSOLUTE
    ..\STM32F10x_FWLib\src\stm32f10x_dac.c   0x00000000   Number         0  stm32f10x_dac.o ABSOLUTE
    ..\STM32F10x_FWLib\src\stm32f10x_gpio.c  0x00000000   Number         0  stm32f10x_gpio.o ABSOLUTE
    ..\STM32F10x_FWLib\src\stm32f10x_rcc.c   0x00000000   Number         0  stm32f10x_rcc.o ABSOLUTE
    ..\STM32F10x_FWLib\src\stm32f10x_tim.c   0x00000000   Number         0  stm32f10x_tim.o ABSOLUTE
    ..\STM32F10x_FWLib\src\stm32f10x_usart.c 0x00000000   Number         0  stm32f10x_usart.o ABSOLUTE
    ..\SYSTEM\delay\delay.c                  0x00000000   Number         0  delay.o ABSOLUTE
    ..\SYSTEM\sys\sys.c                      0x00000000   Number         0  sys.o ABSOLUTE
    ..\SYSTEM\usart\usart.c                  0x00000000   Number         0  usart.o ABSOLUTE
    ..\\CORE\\core_cm3.c                     0x00000000   Number         0  core_cm3.o ABSOLUTE
    ..\\SYSTEM\\sys\\sys.c                   0x00000000   Number         0  sys.o ABSOLUTE
    dc.s                                     0x00000000   Number         0  dc.o ABSOLUTE
    main.c                                   0x00000000   Number         0  main.o ABSOLUTE
    stm32f10x_it.c                           0x00000000   Number         0  stm32f10x_it.o ABSOLUTE
    system_stm32f10x.c                       0x00000000   Number         0  system_stm32f10x.o ABSOLUTE
    timer.c                                  0x00000000   Number         0  timer.o ABSOLUTE
    RESET                                    0x08000000   Section      304  startup_stm32f10x_hd.o(RESET)
    !!!main                                  0x08000130   Section        8  __main.o(!!!main)
    !!!scatter                               0x08000138   Section       52  __scatter.o(!!!scatter)
    !!dczerorl2                              0x0800016c   Section       90  __dczerorl2.o(!!dczerorl2)
    !!handler_zi                             0x080001c8   Section       28  __scatter_zi.o(!!handler_zi)
    .ARM.Collect$$_printf_percent$$00000000  0x080001e4   Section        0  _printf_percent.o(.ARM.Collect$$_printf_percent$$00000000)
    .ARM.Collect$$_printf_percent$$0000000C  0x080001e4   Section        6  _printf_x.o(.ARM.Collect$$_printf_percent$$0000000C)
    .ARM.Collect$$_printf_percent$$00000017  0x080001ea   Section        4  _printf_percent_end.o(.ARM.Collect$$_printf_percent$$00000017)
    .ARM.Collect$$libinit$$00000000          0x080001ee   Section        2  libinit.o(.ARM.Collect$$libinit$$00000000)
    .ARM.Collect$$libinit$$00000002          0x080001f0   Section        0  libinit2.o(.ARM.Collect$$libinit$$00000002)
    .ARM.Collect$$libinit$$00000004          0x080001f0   Section        0  libinit2.o(.ARM.Collect$$libinit$$00000004)
    .ARM.Collect$$libinit$$0000000A          0x080001f0   Section        0  libinit2.o(.ARM.Collect$$libinit$$0000000A)
    .ARM.Collect$$libinit$$0000000C          0x080001f0   Section        0  libinit2.o(.ARM.Collect$$libinit$$0000000C)
    .ARM.Collect$$libinit$$0000000E          0x080001f0   Section        0  libinit2.o(.ARM.Collect$$libinit$$0000000E)
    .ARM.Collect$$libinit$$00000011          0x080001f0   Section        0  libinit2.o(.ARM.Collect$$libinit$$00000011)
    .ARM.Collect$$libinit$$00000013          0x080001f0   Section        0  libinit2.o(.ARM.Collect$$libinit$$00000013)
    .ARM.Collect$$libinit$$00000015          0x080001f0   Section        0  libinit2.o(.ARM.Collect$$libinit$$00000015)
    .ARM.Collect$$libinit$$00000017          0x080001f0   Section        0  libinit2.o(.ARM.Collect$$libinit$$00000017)
    .ARM.Collect$$libinit$$00000019          0x080001f0   Section        0  libinit2.o(.ARM.Collect$$libinit$$00000019)
    .ARM.Collect$$libinit$$0000001B          0x080001f0   Section        0  libinit2.o(.ARM.Collect$$libinit$$0000001B)
    .ARM.Collect$$libinit$$0000001D          0x080001f0   Section        0  libinit2.o(.ARM.Collect$$libinit$$0000001D)
    .ARM.Collect$$libinit$$0000001F          0x080001f0   Section        0  libinit2.o(.ARM.Collect$$libinit$$0000001F)
    .ARM.Collect$$libinit$$00000021          0x080001f0   Section        0  libinit2.o(.ARM.Collect$$libinit$$00000021)
    .ARM.Collect$$libinit$$00000023          0x080001f0   Section        0  libinit2.o(.ARM.Collect$$libinit$$00000023)
    .ARM.Collect$$libinit$$00000025          0x080001f0   Section        0  libinit2.o(.ARM.Collect$$libinit$$00000025)
    .ARM.Collect$$libinit$$0000002C          0x080001f0   Section        0  libinit2.o(.ARM.Collect$$libinit$$0000002C)
    .ARM.Collect$$libinit$$0000002E          0x080001f0   Section        0  libinit2.o(.ARM.Collect$$libinit$$0000002E)
    .ARM.Collect$$libinit$$00000030          0x080001f0   Section        0  libinit2.o(.ARM.Collect$$libinit$$00000030)
    .ARM.Collect$$libinit$$00000032          0x080001f0   Section        0  libinit2.o(.ARM.Collect$$libinit$$00000032)
    .ARM.Collect$$libinit$$00000033          0x080001f0   Section        2  libinit2.o(.ARM.Collect$$libinit$$00000033)
    .ARM.Collect$$libshutdown$$00000000      0x080001f2   Section        2  libshutdown.o(.ARM.Collect$$libshutdown$$00000000)
    .ARM.Collect$$libshutdown$$00000002      0x080001f4   Section        0  libshutdown2.o(.ARM.Collect$$libshutdown$$00000002)
    .ARM.Collect$$libshutdown$$00000004      0x080001f4   Section        0  libshutdown2.o(.ARM.Collect$$libshutdown$$00000004)
    .ARM.Collect$$libshutdown$$00000007      0x080001f4   Section        0  libshutdown2.o(.ARM.Collect$$libshutdown$$00000007)
    .ARM.Collect$$libshutdown$$0000000A      0x080001f4   Section        0  libshutdown2.o(.ARM.Collect$$libshutdown$$0000000A)
    .ARM.Collect$$libshutdown$$0000000C      0x080001f4   Section        0  libshutdown2.o(.ARM.Collect$$libshutdown$$0000000C)
    .ARM.Collect$$libshutdown$$0000000F      0x080001f4   Section        0  libshutdown2.o(.ARM.Collect$$libshutdown$$0000000F)
    .ARM.Collect$$libshutdown$$00000010      0x080001f4   Section        2  libshutdown2.o(.ARM.Collect$$libshutdown$$00000010)
    .ARM.Collect$$rtentry$$00000000          0x080001f6   Section        0  __rtentry.o(.ARM.Collect$$rtentry$$00000000)
    .ARM.Collect$$rtentry$$00000002          0x080001f6   Section        0  __rtentry2.o(.ARM.Collect$$rtentry$$00000002)
    .ARM.Collect$$rtentry$$00000004          0x080001f6   Section        6  __rtentry4.o(.ARM.Collect$$rtentry$$00000004)
    .ARM.Collect$$rtentry$$00000009          0x080001fc   Section        0  __rtentry2.o(.ARM.Collect$$rtentry$$00000009)
    .ARM.Collect$$rtentry$$0000000A          0x080001fc   Section        4  __rtentry2.o(.ARM.Collect$$rtentry$$0000000A)
    .ARM.Collect$$rtentry$$0000000C          0x08000200   Section        0  __rtentry2.o(.ARM.Collect$$rtentry$$0000000C)
    .ARM.Collect$$rtentry$$0000000D          0x08000200   Section        8  __rtentry2.o(.ARM.Collect$$rtentry$$0000000D)
    .ARM.Collect$$rtexit$$00000000           0x08000208   Section        2  rtexit.o(.ARM.Collect$$rtexit$$00000000)
    .ARM.Collect$$rtexit$$00000002           0x0800020a   Section        0  rtexit2.o(.ARM.Collect$$rtexit$$00000002)
    .ARM.Collect$$rtexit$$00000003           0x0800020a   Section        4  rtexit2.o(.ARM.Collect$$rtexit$$00000003)
    .ARM.Collect$$rtexit$$00000004           0x0800020e   Section        6  rtexit2.o(.ARM.Collect$$rtexit$$00000004)
    .text                                    0x08000214   Section        0  main.o(.text)
    .text                                    0x08000c50   Section        0  stm32f10x_it.o(.text)
    .text                                    0x08000c6c   Section        0  system_stm32f10x.o(.text)
    SetSysClockTo72                          0x08000c6d   Thumb Code   214  system_stm32f10x.o(.text)
    SetSysClock                              0x08000d43   Thumb Code     8  system_stm32f10x.o(.text)
    .text                                    0x08000e4c   Section        0  led.o(.text)
    .text                                    0x08000e9c   Section        0  lcd.o(.text)
    .text                                    0x080066e4   Section        0  adc.o(.text)
    .text                                    0x080067cc   Section        0  key.o(.text)
    .text                                    0x080068c8   Section        0  dac.o(.text)
    .text                                    0x08006984   Section        0  delay.o(.text)
    .text                                    0x08006a58   Section        0  usart.o(.text)
    .text                                    0x08006b98   Section       64  startup_stm32f10x_hd.o(.text)
    .text                                    0x08006bd8   Section        0  stm32f10x_gpio.o(.text)
    .text                                    0x08006f34   Section        0  stm32f10x_rcc.o(.text)
    .text                                    0x080072d8   Section        0  stm32f10x_usart.o(.text)
    .text                                    0x080076e0   Section        0  misc.o(.text)
    .text                                    0x080077bc   Section        0  stm32f10x_adc.o(.text)
    .text                                    0x08007c0c   Section        0  stm32f10x_dac.o(.text)
    .text                                    0x08007d98   Section        2  use_no_semi_2.o(.text)
    .text                                    0x08007d9c   Section        0  noretval__2printf.o(.text)
    .text                                    0x08007db4   Section        0  __printf.o(.text)
    .text                                    0x08007e1c   Section        0  _printf_hex_int.o(.text)
    .text                                    0x08007e74   Section        0  heapauxi.o(.text)
    .text                                    0x08007e7a   Section        2  use_no_semi.o(.text)
    .text                                    0x08007e7c   Section        0  _rserrno.o(.text)
    .text                                    0x08007e92   Section        0  _printf_intcommon.o(.text)
    .text                                    0x08007f44   Section        0  _printf_char_file.o(.text)
    .text                                    0x08007f68   Section        8  rt_errno_addr_intlibspace.o(.text)
    .text                                    0x08007f70   Section        0  _printf_char_common.o(.text)
    _printf_input_char                       0x08007f71   Thumb Code    10  _printf_char_common.o(.text)
    .text                                    0x08007fa0   Section        0  ferror.o(.text)
    .text                                    0x08007fa8   Section        8  libspace.o(.text)
    .text                                    0x08007fb0   Section       74  sys_stackheap_outer.o(.text)
    .text                                    0x08007ffa   Section        0  exit.o(.text)
    i.__kernel_poly                          0x0800800c   Section        0  poly.o(i.__kernel_poly)
    i.__mathlib_dbl_divzero                  0x080080b8   Section        0  dunder.o(i.__mathlib_dbl_divzero)
    i.__mathlib_dbl_infnan                   0x080080c8   Section        0  dunder.o(i.__mathlib_dbl_infnan)
    i.__mathlib_dbl_invalid                  0x080080ce   Section        0  dunder.o(i.__mathlib_dbl_invalid)
    i.log                                    0x080080dc   Section        0  log.o(i.log)
    i.log10                                  0x08008438   Section        0  log10.o(i.log10)
    x$fpl$d2f                                0x0800851c   Section       98  d2f.o(x$fpl$d2f)
    x$fpl$dadd                               0x08008580   Section      336  daddsub_clz.o(x$fpl$dadd)
    _dadd1                                   0x08008591   Thumb Code     0  daddsub_clz.o(x$fpl$dadd)
    x$fpl$dcheck1                            0x080086d0   Section       16  dcheck1.o(x$fpl$dcheck1)
    x$fpl$dcmpinf                            0x080086e0   Section       24  dcmpi.o(x$fpl$dcmpinf)
    x$fpl$ddiv                               0x080086f8   Section      688  ddiv.o(x$fpl$ddiv)
    ddiv_entry                               0x080086ff   Thumb Code     0  ddiv.o(x$fpl$ddiv)
    x$fpl$deqf                               0x080089a8   Section      120  deqf.o(x$fpl$deqf)
    x$fpl$dfixu                              0x08008a20   Section       90  dfixu.o(x$fpl$dfixu)
    x$fpl$dflt                               0x08008a7a   Section       46  dflt_clz.o(x$fpl$dflt)
    x$fpl$dfltu                              0x08008aa8   Section       38  dflt_clz.o(x$fpl$dfltu)
    x$fpl$dmul                               0x08008ad0   Section      340  dmul.o(x$fpl$dmul)
    x$fpl$dnaninf                            0x08008c24   Section      156  dnaninf.o(x$fpl$dnaninf)
    x$fpl$dretinf                            0x08008cc0   Section       12  dretinf.o(x$fpl$dretinf)
    x$fpl$drsb                               0x08008ccc   Section       22  daddsub_clz.o(x$fpl$drsb)
    x$fpl$dsub                               0x08008ce4   Section      468  daddsub_clz.o(x$fpl$dsub)
    _dsub1                                   0x08008cf5   Thumb Code     0  daddsub_clz.o(x$fpl$dsub)
    x$fpl$f2d                                0x08008eb8   Section       86  f2d.o(x$fpl$f2d)
    x$fpl$fadd                               0x08008f10   Section      196  faddsub_clz.o(x$fpl$fadd)
    _fadd1                                   0x08008f1f   Thumb Code     0  faddsub_clz.o(x$fpl$fadd)
    x$fpl$fdiv                               0x08008fd4   Section      388  fdiv.o(x$fpl$fdiv)
    _fdiv1                                   0x08008fd5   Thumb Code     0  fdiv.o(x$fpl$fdiv)
    x$fpl$ffixu                              0x08009158   Section       62  ffixu.o(x$fpl$ffixu)
    x$fpl$fflt                               0x08009198   Section       48  fflt_clz.o(x$fpl$fflt)
    x$fpl$ffltu                              0x080091c8   Section       38  fflt_clz.o(x$fpl$ffltu)
    x$fpl$fmul                               0x080091f0   Section      258  fmul.o(x$fpl$fmul)
    x$fpl$fnaninf                            0x080092f2   Section      140  fnaninf.o(x$fpl$fnaninf)
    x$fpl$fretinf                            0x0800937e   Section       10  fretinf.o(x$fpl$fretinf)
    x$fpl$fsub                               0x08009388   Section      234  faddsub_clz.o(x$fpl$fsub)
    _fsub1                                   0x08009397   Thumb Code     0  faddsub_clz.o(x$fpl$fsub)
    x$fpl$retnan                             0x08009472   Section      100  retnan.o(x$fpl$retnan)
    x$fpl$scalbn                             0x080094d6   Section       92  scalbn.o(x$fpl$scalbn)
    x$fpl$trapveneer                         0x08009532   Section       48  trapv.o(x$fpl$trapveneer)
    .constdata                               0x08009562   Section     6080  lcd.o(.constdata)
    x$fpl$usenofp                            0x08009562   Section        0  usenofp.o(x$fpl$usenofp)
    .constdata                               0x0800ad22   Section       40  _printf_hex_int.o(.constdata)
    uc_hextab                                0x0800ad22   Data          20  _printf_hex_int.o(.constdata)
    lc_hextab                                0x0800ad36   Data          20  _printf_hex_int.o(.constdata)
    .constdata                               0x0800ad50   Section       56  log.o(.constdata)
    Lg2                                      0x0800ad50   Data          24  log.o(.constdata)
    Lg                                       0x0800ad68   Data          32  log.o(.constdata)
    .constdata                               0x0800ad88   Section        8  qnan.o(.constdata)
    .data                                    0x20000000   Section      288  main.o(.data)
    .data                                    0x20000120   Section       20  system_stm32f10x.o(.data)
    .data                                    0x20000134   Section        4  lcd.o(.data)
    .data                                    0x20000138   Section        1  key.o(.data)
    key_up                                   0x20000138   Data           1  key.o(.data)
    .data                                    0x2000013a   Section        4  delay.o(.data)
    fac_us                                   0x2000013a   Data           1  delay.o(.data)
    fac_ms                                   0x2000013c   Data           2  delay.o(.data)
    .data                                    0x20000140   Section        6  usart.o(.data)
    .data                                    0x20000146   Section       20  stm32f10x_rcc.o(.data)
    APBAHBPrescTable                         0x20000146   Data          16  stm32f10x_rcc.o(.data)
    ADCPrescTable                            0x20000156   Data           4  stm32f10x_rcc.o(.data)
    .bss                                     0x2000015c   Section       14  lcd.o(.bss)
    .bss                                     0x2000016a   Section      200  usart.o(.bss)
    .bss                                     0x20000234   Section       96  libspace.o(.bss)
    HEAP                                     0x20000298   Section      512  startup_stm32f10x_hd.o(HEAP)
    Heap_Mem                                 0x20000298   Data         512  startup_stm32f10x_hd.o(HEAP)
    STACK                                    0x20000498   Section     1024  startup_stm32f10x_hd.o(STACK)
    Stack_Mem                                0x20000498   Data        1024  startup_stm32f10x_hd.o(STACK)
    __initial_sp                             0x20000898   Data           0  startup_stm32f10x_hd.o(STACK)

    Global Symbols

    Symbol Name                              Value     Ov Type        Size  Object(Section)

    BuildAttributes$$THM_ISAv4$P$D$K$B$S$PE$A:L22UL41UL21$X:L11$S22US41US21$IEEE1$IW$USESV6$~STKCKD$USESV7$~SHL$OTIME$ROPI$IEEEX$EBA8$UX$STANDARDLIB$REQ8$PRES8$EABIv2 0x00000000   Number         0  anon$$obj.o ABSOLUTE
    __ARM_use_no_argv                        0x00000000   Number         0  main.o ABSOLUTE
    __ARM_exceptions_init                     - Undefined Weak Reference
    __alloca_initialize                       - Undefined Weak Reference
    __arm_preinit_                            - Undefined Weak Reference
    __cpp_initialize__aeabi_                  - Undefined Weak Reference
    __cxa_finalize                            - Undefined Weak Reference
    __rt_locale                               - Undefined Weak Reference
    __sigvec_lookup                           - Undefined Weak Reference
    _atexit_init                              - Undefined Weak Reference
    _call_atexit_fns                          - Undefined Weak Reference
    _clock_init                               - Undefined Weak Reference
    _fp_trap_init                             - Undefined Weak Reference
    _fp_trap_shutdown                         - Undefined Weak Reference
    _get_lc_collate                           - Undefined Weak Reference
    _get_lc_ctype                             - Undefined Weak Reference
    _get_lc_monetary                          - Undefined Weak Reference
    _get_lc_numeric                           - Undefined Weak Reference
    _get_lc_time                              - Undefined Weak Reference
    _getenv_init                              - Undefined Weak Reference
    _handle_redirection                       - Undefined Weak Reference
    _init_alloc                               - Undefined Weak Reference
    _init_user_alloc                          - Undefined Weak Reference
    _initio                                   - Undefined Weak Reference
    _mutex_acquire                            - Undefined Weak Reference
    _mutex_release                            - Undefined Weak Reference
    _printf_post_padding                      - Undefined Weak Reference
    _printf_pre_padding                       - Undefined Weak Reference
    _printf_truncate_unsigned                 - Undefined Weak Reference
    _rand_init                                - Undefined Weak Reference
    _signal_finish                            - Undefined Weak Reference
    _signal_init                              - Undefined Weak Reference
    _terminate_alloc                          - Undefined Weak Reference
    _terminate_user_alloc                     - Undefined Weak Reference
    _terminateio                              - Undefined Weak Reference
    __Vectors_Size                           0x00000130   Number         0  startup_stm32f10x_hd.o ABSOLUTE
    __Vectors                                0x08000000   Data           4  startup_stm32f10x_hd.o(RESET)
    __Vectors_End                            0x08000130   Data           0  startup_stm32f10x_hd.o(RESET)
    __main                                   0x08000131   Thumb Code     8  __main.o(!!!main)
    __scatterload                            0x08000139   Thumb Code     0  __scatter.o(!!!scatter)
    __scatterload_rt2                        0x08000139   Thumb Code    44  __scatter.o(!!!scatter)
    __scatterload_rt2_thumb_only             0x08000139   Thumb Code     0  __scatter.o(!!!scatter)
    __scatterload_null                       0x08000147   Thumb Code     0  __scatter.o(!!!scatter)
    __decompress                             0x0800016d   Thumb Code    90  __dczerorl2.o(!!dczerorl2)
    __decompress1                            0x0800016d   Thumb Code     0  __dczerorl2.o(!!dczerorl2)
    __scatterload_zeroinit                   0x080001c9   Thumb Code    28  __scatter_zi.o(!!handler_zi)
    _printf_percent                          0x080001e5   Thumb Code     0  _printf_percent.o(.ARM.Collect$$_printf_percent$$00000000)
    _printf_x                                0x080001e5   Thumb Code     0  _printf_x.o(.ARM.Collect$$_printf_percent$$0000000C)
    _printf_percent_end                      0x080001eb   Thumb Code     0  _printf_percent_end.o(.ARM.Collect$$_printf_percent$$00000017)
    __rt_lib_init                            0x080001ef   Thumb Code     0  libinit.o(.ARM.Collect$$libinit$$00000000)
    __rt_lib_init_alloca_1                   0x080001f1   Thumb Code     0  libinit2.o(.ARM.Collect$$libinit$$0000002E)
    __rt_lib_init_argv_1                     0x080001f1   Thumb Code     0  libinit2.o(.ARM.Collect$$libinit$$0000002C)
    __rt_lib_init_atexit_1                   0x080001f1   Thumb Code     0  libinit2.o(.ARM.Collect$$libinit$$0000001B)
    __rt_lib_init_clock_1                    0x080001f1   Thumb Code     0  libinit2.o(.ARM.Collect$$libinit$$00000021)
    __rt_lib_init_cpp_1                      0x080001f1   Thumb Code     0  libinit2.o(.ARM.Collect$$libinit$$00000032)
    __rt_lib_init_exceptions_1               0x080001f1   Thumb Code     0  libinit2.o(.ARM.Collect$$libinit$$00000030)
    __rt_lib_init_fp_1                       0x080001f1   Thumb Code     0  libinit2.o(.ARM.Collect$$libinit$$00000002)
    __rt_lib_init_fp_trap_1                  0x080001f1   Thumb Code     0  libinit2.o(.ARM.Collect$$libinit$$0000001F)
    __rt_lib_init_getenv_1                   0x080001f1   Thumb Code     0  libinit2.o(.ARM.Collect$$libinit$$00000023)
    __rt_lib_init_heap_1                     0x080001f1   Thumb Code     0  libinit2.o(.ARM.Collect$$libinit$$0000000A)
    __rt_lib_init_lc_collate_1               0x080001f1   Thumb Code     0  libinit2.o(.ARM.Collect$$libinit$$00000011)
    __rt_lib_init_lc_ctype_1                 0x080001f1   Thumb Code     0  libinit2.o(.ARM.Collect$$libinit$$00000013)
    __rt_lib_init_lc_monetary_1              0x080001f1   Thumb Code     0  libinit2.o(.ARM.Collect$$libinit$$00000015)
    __rt_lib_init_lc_numeric_1               0x080001f1   Thumb Code     0  libinit2.o(.ARM.Collect$$libinit$$00000017)
    __rt_lib_init_lc_time_1                  0x080001f1   Thumb Code     0  libinit2.o(.ARM.Collect$$libinit$$00000019)
    __rt_lib_init_preinit_1                  0x080001f1   Thumb Code     0  libinit2.o(.ARM.Collect$$libinit$$00000004)
    __rt_lib_init_rand_1                     0x080001f1   Thumb Code     0  libinit2.o(.ARM.Collect$$libinit$$0000000E)
    __rt_lib_init_return                     0x080001f1   Thumb Code     0  libinit2.o(.ARM.Collect$$libinit$$00000033)
    __rt_lib_init_signal_1                   0x080001f1   Thumb Code     0  libinit2.o(.ARM.Collect$$libinit$$0000001D)
    __rt_lib_init_stdio_1                    0x080001f1   Thumb Code     0  libinit2.o(.ARM.Collect$$libinit$$00000025)
    __rt_lib_init_user_alloc_1               0x080001f1   Thumb Code     0  libinit2.o(.ARM.Collect$$libinit$$0000000C)
    __rt_lib_shutdown                        0x080001f3   Thumb Code     0  libshutdown.o(.ARM.Collect$$libshutdown$$00000000)
    __rt_lib_shutdown_cpp_1                  0x080001f5   Thumb Code     0  libshutdown2.o(.ARM.Collect$$libshutdown$$00000002)
    __rt_lib_shutdown_fp_trap_1              0x080001f5   Thumb Code     0  libshutdown2.o(.ARM.Collect$$libshutdown$$00000007)
    __rt_lib_shutdown_heap_1                 0x080001f5   Thumb Code     0  libshutdown2.o(.ARM.Collect$$libshutdown$$0000000F)
    __rt_lib_shutdown_return                 0x080001f5   Thumb Code     0  libshutdown2.o(.ARM.Collect$$libshutdown$$00000010)
    __rt_lib_shutdown_signal_1               0x080001f5   Thumb Code     0  libshutdown2.o(.ARM.Collect$$libshutdown$$0000000A)
    __rt_lib_shutdown_stdio_1                0x080001f5   Thumb Code     0  libshutdown2.o(.ARM.Collect$$libshutdown$$00000004)
    __rt_lib_shutdown_user_alloc_1           0x080001f5   Thumb Code     0  libshutdown2.o(.ARM.Collect$$libshutdown$$0000000C)
    __rt_entry                               0x080001f7   Thumb Code     0  __rtentry.o(.ARM.Collect$$rtentry$$00000000)
    __rt_entry_presh_1                       0x080001f7   Thumb Code     0  __rtentry2.o(.ARM.Collect$$rtentry$$00000002)
    __rt_entry_sh                            0x080001f7   Thumb Code     0  __rtentry4.o(.ARM.Collect$$rtentry$$00000004)
    __rt_entry_li                            0x080001fd   Thumb Code     0  __rtentry2.o(.ARM.Collect$$rtentry$$0000000A)
    __rt_entry_postsh_1                      0x080001fd   Thumb Code     0  __rtentry2.o(.ARM.Collect$$rtentry$$00000009)
    __rt_entry_main                          0x08000201   Thumb Code     0  __rtentry2.o(.ARM.Collect$$rtentry$$0000000D)
    __rt_entry_postli_1                      0x08000201   Thumb Code     0  __rtentry2.o(.ARM.Collect$$rtentry$$0000000C)
    __rt_exit                                0x08000209   Thumb Code     0  rtexit.o(.ARM.Collect$$rtexit$$00000000)
    __rt_exit_ls                             0x0800020b   Thumb Code     0  rtexit2.o(.ARM.Collect$$rtexit$$00000003)
    __rt_exit_prels_1                        0x0800020b   Thumb Code     0  rtexit2.o(.ARM.Collect$$rtexit$$00000002)
    __rt_exit_exit                           0x0800020f   Thumb Code     0  rtexit2.o(.ARM.Collect$$rtexit$$00000004)
    fault                                    0x08000215   Thumb Code   556  main.o(.text)
    main                                     0x08000441   Thumb Code  2026  main.o(.text)
    NMI_Handler                              0x08000c51   Thumb Code     2  stm32f10x_it.o(.text)
    HardFault_Handler                        0x08000c53   Thumb Code     4  stm32f10x_it.o(.text)
    MemManage_Handler                        0x08000c57   Thumb Code     4  stm32f10x_it.o(.text)
    BusFault_Handler                         0x08000c5b   Thumb Code     4  stm32f10x_it.o(.text)
    UsageFault_Handler                       0x08000c5f   Thumb Code     4  stm32f10x_it.o(.text)
    SVC_Handler                              0x08000c63   Thumb Code     2  stm32f10x_it.o(.text)
    DebugMon_Handler                         0x08000c65   Thumb Code     2  stm32f10x_it.o(.text)
    PendSV_Handler                           0x08000c67   Thumb Code     2  stm32f10x_it.o(.text)
    SysTick_Handler                          0x08000c69   Thumb Code     2  stm32f10x_it.o(.text)
    SystemInit                               0x08000d4b   Thumb Code    78  system_stm32f10x.o(.text)
    SystemCoreClockUpdate                    0x08000d99   Thumb Code   142  system_stm32f10x.o(.text)
    LED_Init                                 0x08000e4d   Thumb Code    72  led.o(.text)
    LCD_WR_REG                               0x08000e9d   Thumb Code    28  lcd.o(.text)
    LCD_WR_DATAX                             0x08000eb9   Thumb Code    28  lcd.o(.text)
    LCD_RD_DATA                              0x08000ed5   Thumb Code    98  lcd.o(.text)
    LCD_WriteReg                             0x08000f37   Thumb Code    40  lcd.o(.text)
    LCD_ReadReg                              0x08000f5f   Thumb Code    16  lcd.o(.text)
    LCD_WriteRAM_Prepare                     0x08000f6f   Thumb Code    12  lcd.o(.text)
    LCD_WriteRAM                             0x08000f7b   Thumb Code    28  lcd.o(.text)
    LCD_BGR2RGB                              0x08000f97   Thumb Code    26  lcd.o(.text)
    opt_delay                                0x08000fb1   Thumb Code    14  lcd.o(.text)
    LCD_SetCursor                            0x08000fbf   Thumb Code   956  lcd.o(.text)
    LCD_ReadPoint                            0x0800137b   Thumb Code   506  lcd.o(.text)
    LCD_DisplayOn                            0x08001575   Thumb Code    92  lcd.o(.text)
    LCD_DisplayOff                           0x080015d1   Thumb Code    90  lcd.o(.text)
    LCD_Scan_Dir                             0x0800162b   Thumb Code  1126  lcd.o(.text)
    LCD_DrawPoint                            0x08001a91   Thumb Code    52  lcd.o(.text)
    LCD_Fast_DrawPoint                       0x08001ac5   Thumb Code   854  lcd.o(.text)
    LCD_SSD_BackLightSet                     0x08001e1b   Thumb Code   220  lcd.o(.text)
    LCD_Display_Dir                          0x08001ef7   Thumb Code   444  lcd.o(.text)
    LCD_Set_Window                           0x080020b3   Thumb Code  1078  lcd.o(.text)
    LCD_Clear                                0x080024e9   Thumb Code   122  lcd.o(.text)
    LCD_Init                                 0x08002563   Thumb Code 15298  lcd.o(.text)
    LCD_Fill                                 0x08006125   Thumb Code   200  lcd.o(.text)
    LCD_Color_Fill                           0x080061ed   Thumb Code   116  lcd.o(.text)
    LCD_DrawLine                             0x08006261   Thumb Code   176  lcd.o(.text)
    LCD_DrawRectangle                        0x08006311   Thumb Code    60  lcd.o(.text)
    LCD_Draw_Circle                          0x0800634d   Thumb Code   152  lcd.o(.text)
    LCD_ShowChar                             0x080063e5   Thumb Code   272  lcd.o(.text)
    LCD_Pow                                  0x080064f5   Thumb Code    22  lcd.o(.text)
    LCD_ShowNum                              0x0800650b   Thumb Code   180  lcd.o(.text)
    LCD_ShowxNum                             0x080065bf   Thumb Code   190  lcd.o(.text)
    LCD_ShowString                           0x0800667d   Thumb Code   102  lcd.o(.text)
    Adc_Init                                 0x080066e5   Thumb Code   132  adc.o(.text)
    Get_Adc                                  0x08006769   Thumb Code    46  adc.o(.text)
    Get_Adc_Average                          0x08006797   Thumb Code    46  adc.o(.text)
    KEY_Init                                 0x080067cd   Thumb Code    82  key.o(.text)
    KEY_Scan                                 0x0800681f   Thumb Code   154  key.o(.text)
    Dac1_Init                                0x080068c9   Thumb Code    94  dac.o(.text)
    Dac1_Set_Vol                             0x08006927   Thumb Code    80  dac.o(.text)
    delay_init                               0x08006985   Thumb Code    50  delay.o(.text)
    delay_us                                 0x080069b7   Thumb Code    72  delay.o(.text)
    delay_ms                                 0x080069ff   Thumb Code    72  delay.o(.text)
    _sys_exit                                0x08006a59   Thumb Code     6  usart.o(.text)
    fputc                                    0x08006a5f   Thumb Code    24  usart.o(.text)
    uart_init                                0x08006a77   Thumb Code   152  usart.o(.text)
    USART1_IRQHandler                        0x08006b0f   Thumb Code   122  usart.o(.text)
    Reset_Handler                            0x08006b99   Thumb Code     8  startup_stm32f10x_hd.o(.text)
    ADC1_2_IRQHandler                        0x08006bb3   Thumb Code     0  startup_stm32f10x_hd.o(.text)
    ADC3_IRQHandler                          0x08006bb3   Thumb Code     0  startup_stm32f10x_hd.o(.text)
    CAN1_RX1_IRQHandler                      0x08006bb3   Thumb Code     0  startup_stm32f10x_hd.o(.text)
    CAN1_SCE_IRQHandler                      0x08006bb3   Thumb Code     0  startup_stm32f10x_hd.o(.text)
    DMA1_Channel1_IRQHandler                 0x08006bb3   Thumb Code     0  startup_stm32f10x_hd.o(.text)
    DMA1_Channel2_IRQHandler                 0x08006bb3   Thumb Code     0  startup_stm32f10x_hd.o(.text)
    DMA1_Channel3_IRQHandler                 0x08006bb3   Thumb Code     0  startup_stm32f10x_hd.o(.text)
    DMA1_Channel4_IRQHandler                 0x08006bb3   Thumb Code     0  startup_stm32f10x_hd.o(.text)
    DMA1_Channel5_IRQHandler                 0x08006bb3   Thumb Code     0  startup_stm32f10x_hd.o(.text)
    DMA1_Channel6_IRQHandler                 0x08006bb3   Thumb Code     0  startup_stm32f10x_hd.o(.text)
    DMA1_Channel7_IRQHandler                 0x08006bb3   Thumb Code     0  startup_stm32f10x_hd.o(.text)
    DMA2_Channel1_IRQHandler                 0x08006bb3   Thumb Code     0  startup_stm32f10x_hd.o(.text)
    DMA2_Channel2_IRQHandler                 0x08006bb3   Thumb Code     0  startup_stm32f10x_hd.o(.text)
    DMA2_Channel3_IRQHandler                 0x08006bb3   Thumb Code     0  startup_stm32f10x_hd.o(.text)
    DMA2_Channel4_5_IRQHandler               0x08006bb3   Thumb Code     0  startup_stm32f10x_hd.o(.text)
    EXTI0_IRQHandler                         0x08006bb3   Thumb Code     0  startup_stm32f10x_hd.o(.text)
    EXTI15_10_IRQHandler                     0x08006bb3   Thumb Code     0  startup_stm32f10x_hd.o(.text)
    EXTI1_IRQHandler                         0x08006bb3   Thumb Code     0  startup_stm32f10x_hd.o(.text)
    EXTI2_IRQHandler                         0x08006bb3   Thumb Code     0  startup_stm32f10x_hd.o(.text)
    EXTI3_IRQHandler                         0x08006bb3   Thumb Code     0  startup_stm32f10x_hd.o(.text)
    EXTI4_IRQHandler                         0x08006bb3   Thumb Code     0  startup_stm32f10x_hd.o(.text)
    EXTI9_5_IRQHandler                       0x08006bb3   Thumb Code     0  startup_stm32f10x_hd.o(.text)
    FLASH_IRQHandler                         0x08006bb3   Thumb Code     0  startup_stm32f10x_hd.o(.text)
    FSMC_IRQHandler                          0x08006bb3   Thumb Code     0  startup_stm32f10x_hd.o(.text)
    I2C1_ER_IRQHandler                       0x08006bb3   Thumb Code     0  startup_stm32f10x_hd.o(.text)
    I2C1_EV_IRQHandler                       0x08006bb3   Thumb Code     0  startup_stm32f10x_hd.o(.text)
    I2C2_ER_IRQHandler                       0x08006bb3   Thumb Code     0  startup_stm32f10x_hd.o(.text)
    I2C2_EV_IRQHandler                       0x08006bb3   Thumb Code     0  startup_stm32f10x_hd.o(.text)
    PVD_IRQHandler                           0x08006bb3   Thumb Code     0  startup_stm32f10x_hd.o(.text)
    RCC_IRQHandler                           0x08006bb3   Thumb Code     0  startup_stm32f10x_hd.o(.text)
    RTCAlarm_IRQHandler                      0x08006bb3   Thumb Code     0  startup_stm32f10x_hd.o(.text)
    RTC_IRQHandler                           0x08006bb3   Thumb Code     0  startup_stm32f10x_hd.o(.text)
    SDIO_IRQHandler                          0x08006bb3   Thumb Code     0  startup_stm32f10x_hd.o(.text)
    SPI1_IRQHandler                          0x08006bb3   Thumb Code     0  startup_stm32f10x_hd.o(.text)
    SPI2_IRQHandler                          0x08006bb3   Thumb Code     0  startup_stm32f10x_hd.o(.text)
    SPI3_IRQHandler                          0x08006bb3   Thumb Code     0  startup_stm32f10x_hd.o(.text)
    TAMPER_IRQHandler                        0x08006bb3   Thumb Code     0  startup_stm32f10x_hd.o(.text)
    TIM1_BRK_IRQHandler                      0x08006bb3   Thumb Code     0  startup_stm32f10x_hd.o(.text)
    TIM1_CC_IRQHandler                       0x08006bb3   Thumb Code     0  startup_stm32f10x_hd.o(.text)
    TIM1_TRG_COM_IRQHandler                  0x08006bb3   Thumb Code     0  startup_stm32f10x_hd.o(.text)
    TIM1_UP_IRQHandler                       0x08006bb3   Thumb Code     0  startup_stm32f10x_hd.o(.text)
    TIM2_IRQHandler                          0x08006bb3   Thumb Code     0  startup_stm32f10x_hd.o(.text)
    TIM3_IRQHandler                          0x08006bb3   Thumb Code     0  startup_stm32f10x_hd.o(.text)
    TIM4_IRQHandler                          0x08006bb3   Thumb Code     0  startup_stm32f10x_hd.o(.text)
    TIM5_IRQHandler                          0x08006bb3   Thumb Code     0  startup_stm32f10x_hd.o(.text)
    TIM6_IRQHandler                          0x08006bb3   Thumb Code     0  startup_stm32f10x_hd.o(.text)
    TIM7_IRQHandler                          0x08006bb3   Thumb Code     0  startup_stm32f10x_hd.o(.text)
    TIM8_BRK_IRQHandler                      0x08006bb3   Thumb Code     0  startup_stm32f10x_hd.o(.text)
    TIM8_CC_IRQHandler                       0x08006bb3   Thumb Code     0  startup_stm32f10x_hd.o(.text)
    TIM8_TRG_COM_IRQHandler                  0x08006bb3   Thumb Code     0  startup_stm32f10x_hd.o(.text)
    TIM8_UP_IRQHandler                       0x08006bb3   Thumb Code     0  startup_stm32f10x_hd.o(.text)
    UART4_IRQHandler                         0x08006bb3   Thumb Code     0  startup_stm32f10x_hd.o(.text)
    UART5_IRQHandler                         0x08006bb3   Thumb Code     0  startup_stm32f10x_hd.o(.text)
    USART2_IRQHandler                        0x08006bb3   Thumb Code     0  startup_stm32f10x_hd.o(.text)
    USART3_IRQHandler                        0x08006bb3   Thumb Code     0  startup_stm32f10x_hd.o(.text)
    USBWakeUp_IRQHandler                     0x08006bb3   Thumb Code     0  startup_stm32f10x_hd.o(.text)
    USB_HP_CAN1_TX_IRQHandler                0x08006bb3   Thumb Code     0  startup_stm32f10x_hd.o(.text)
    USB_LP_CAN1_RX0_IRQHandler               0x08006bb3   Thumb Code     0  startup_stm32f10x_hd.o(.text)
    WWDG_IRQHandler                          0x08006bb3   Thumb Code     0  startup_stm32f10x_hd.o(.text)
    __user_initial_stackheap                 0x08006bb5   Thumb Code     0  startup_stm32f10x_hd.o(.text)
    GPIO_DeInit                              0x08006bd9   Thumb Code   172  stm32f10x_gpio.o(.text)
    GPIO_AFIODeInit                          0x08006c85   Thumb Code    20  stm32f10x_gpio.o(.text)
    GPIO_Init                                0x08006c99   Thumb Code   278  stm32f10x_gpio.o(.text)
    GPIO_StructInit                          0x08006daf   Thumb Code    16  stm32f10x_gpio.o(.text)
    GPIO_ReadInputDataBit                    0x08006dbf   Thumb Code    18  stm32f10x_gpio.o(.text)
    GPIO_ReadInputData                       0x08006dd1   Thumb Code     8  stm32f10x_gpio.o(.text)
    GPIO_ReadOutputDataBit                   0x08006dd9   Thumb Code    18  stm32f10x_gpio.o(.text)
    GPIO_ReadOutputData                      0x08006deb   Thumb Code     8  stm32f10x_gpio.o(.text)
    GPIO_SetBits                             0x08006df3   Thumb Code     4  stm32f10x_gpio.o(.text)
    GPIO_ResetBits                           0x08006df7   Thumb Code     4  stm32f10x_gpio.o(.text)
    GPIO_WriteBit                            0x08006dfb   Thumb Code    10  stm32f10x_gpio.o(.text)
    GPIO_Write                               0x08006e05   Thumb Code     4  stm32f10x_gpio.o(.text)
    GPIO_PinLockConfig                       0x08006e09   Thumb Code    18  stm32f10x_gpio.o(.text)
    GPIO_EventOutputConfig                   0x08006e1b   Thumb Code    26  stm32f10x_gpio.o(.text)
    GPIO_EventOutputCmd                      0x08006e35   Thumb Code     6  stm32f10x_gpio.o(.text)
    GPIO_PinRemapConfig                      0x08006e3b   Thumb Code   138  stm32f10x_gpio.o(.text)
    GPIO_EXTILineConfig                      0x08006ec5   Thumb Code    66  stm32f10x_gpio.o(.text)
    GPIO_ETH_MediaInterfaceConfig            0x08006f07   Thumb Code     8  stm32f10x_gpio.o(.text)
    RCC_DeInit                               0x08006f35   Thumb Code    64  stm32f10x_rcc.o(.text)
    RCC_HSEConfig                            0x08006f75   Thumb Code    70  stm32f10x_rcc.o(.text)
    RCC_GetFlagStatus                        0x08006fbb   Thumb Code    56  stm32f10x_rcc.o(.text)
    RCC_WaitForHSEStartUp                    0x08006ff3   Thumb Code    56  stm32f10x_rcc.o(.text)
    RCC_AdjustHSICalibrationValue            0x0800702b   Thumb Code    20  stm32f10x_rcc.o(.text)
    RCC_HSICmd                               0x0800703f   Thumb Code     6  stm32f10x_rcc.o(.text)
    RCC_PLLConfig                            0x08007045   Thumb Code    24  stm32f10x_rcc.o(.text)
    RCC_PLLCmd                               0x0800705d   Thumb Code     6  stm32f10x_rcc.o(.text)
    RCC_SYSCLKConfig                         0x08007063   Thumb Code    18  stm32f10x_rcc.o(.text)
    RCC_GetSYSCLKSource                      0x08007075   Thumb Code    10  stm32f10x_rcc.o(.text)
    RCC_HCLKConfig                           0x0800707f   Thumb Code    18  stm32f10x_rcc.o(.text)
    RCC_PCLK1Config                          0x08007091   Thumb Code    18  stm32f10x_rcc.o(.text)
    RCC_PCLK2Config                          0x080070a3   Thumb Code    20  stm32f10x_rcc.o(.text)
    RCC_ITConfig                             0x080070b7   Thumb Code    26  stm32f10x_rcc.o(.text)
    RCC_USBCLKConfig                         0x080070d1   Thumb Code     8  stm32f10x_rcc.o(.text)
    RCC_ADCCLKConfig                         0x080070d9   Thumb Code    18  stm32f10x_rcc.o(.text)
    RCC_LSEConfig                            0x080070eb   Thumb Code    50  stm32f10x_rcc.o(.text)
    RCC_LSICmd                               0x0800711d   Thumb Code     6  stm32f10x_rcc.o(.text)
    RCC_RTCCLKConfig                         0x08007123   Thumb Code    12  stm32f10x_rcc.o(.text)
    RCC_RTCCLKCmd                            0x0800712f   Thumb Code     8  stm32f10x_rcc.o(.text)
    RCC_GetClocksFreq                        0x08007137   Thumb Code   192  stm32f10x_rcc.o(.text)
    RCC_AHBPeriphClockCmd                    0x080071f7   Thumb Code    26  stm32f10x_rcc.o(.text)
    RCC_APB2PeriphClockCmd                   0x08007211   Thumb Code    26  stm32f10x_rcc.o(.text)
    RCC_APB1PeriphClockCmd                   0x0800722b   Thumb Code    26  stm32f10x_rcc.o(.text)
    RCC_APB2PeriphResetCmd                   0x08007245   Thumb Code    26  stm32f10x_rcc.o(.text)
    RCC_APB1PeriphResetCmd                   0x0800725f   Thumb Code    26  stm32f10x_rcc.o(.text)
    RCC_BackupResetCmd                       0x08007279   Thumb Code     8  stm32f10x_rcc.o(.text)
    RCC_ClockSecuritySystemCmd               0x08007281   Thumb Code     6  stm32f10x_rcc.o(.text)
    RCC_MCOConfig                            0x08007287   Thumb Code     6  stm32f10x_rcc.o(.text)
    RCC_ClearFlag                            0x0800728d   Thumb Code    14  stm32f10x_rcc.o(.text)
    RCC_GetITStatus                          0x0800729b   Thumb Code    20  stm32f10x_rcc.o(.text)
    RCC_ClearITPendingBit                    0x080072af   Thumb Code     6  stm32f10x_rcc.o(.text)
    USART_DeInit                             0x080072d9   Thumb Code   134  stm32f10x_usart.o(.text)
    USART_Init                               0x0800735f   Thumb Code   210  stm32f10x_usart.o(.text)
    USART_StructInit                         0x08007431   Thumb Code    24  stm32f10x_usart.o(.text)
    USART_ClockInit                          0x08007449   Thumb Code    34  stm32f10x_usart.o(.text)
    USART_ClockStructInit                    0x0800746b   Thumb Code    12  stm32f10x_usart.o(.text)
    USART_Cmd                                0x08007477   Thumb Code    24  stm32f10x_usart.o(.text)
    USART_ITConfig                           0x0800748f   Thumb Code    74  stm32f10x_usart.o(.text)
    USART_DMACmd                             0x080074d9   Thumb Code    18  stm32f10x_usart.o(.text)
    USART_SetAddress                         0x080074eb   Thumb Code    18  stm32f10x_usart.o(.text)
    USART_WakeUpConfig                       0x080074fd   Thumb Code    18  stm32f10x_usart.o(.text)
    USART_ReceiverWakeUpCmd                  0x0800750f   Thumb Code    24  stm32f10x_usart.o(.text)
    USART_LINBreakDetectLengthConfig         0x08007527   Thumb Code    18  stm32f10x_usart.o(.text)
    USART_LINCmd                             0x08007539   Thumb Code    24  stm32f10x_usart.o(.text)
    USART_SendData                           0x08007551   Thumb Code     8  stm32f10x_usart.o(.text)
    USART_ReceiveData                        0x08007559   Thumb Code    10  stm32f10x_usart.o(.text)
    USART_SendBreak                          0x08007563   Thumb Code    10  stm32f10x_usart.o(.text)
    USART_SetGuardTime                       0x0800756d   Thumb Code    16  stm32f10x_usart.o(.text)
    USART_SetPrescaler                       0x0800757d   Thumb Code    16  stm32f10x_usart.o(.text)
    USART_SmartCardCmd                       0x0800758d   Thumb Code    24  stm32f10x_usart.o(.text)
    USART_SmartCardNACKCmd                   0x080075a5   Thumb Code    24  stm32f10x_usart.o(.text)
    USART_HalfDuplexCmd                      0x080075bd   Thumb Code    24  stm32f10x_usart.o(.text)
    USART_OverSampling8Cmd                   0x080075d5   Thumb Code    22  stm32f10x_usart.o(.text)
    USART_OneBitMethodCmd                    0x080075eb   Thumb Code    24  stm32f10x_usart.o(.text)
    USART_IrDAConfig                         0x08007603   Thumb Code    18  stm32f10x_usart.o(.text)
    USART_IrDACmd                            0x08007615   Thumb Code    24  stm32f10x_usart.o(.text)
    USART_GetFlagStatus                      0x0800762d   Thumb Code    26  stm32f10x_usart.o(.text)
    USART_ClearFlag                          0x08007647   Thumb Code    18  stm32f10x_usart.o(.text)
    USART_GetITStatus                        0x08007659   Thumb Code    84  stm32f10x_usart.o(.text)
    USART_ClearITPendingBit                  0x080076ad   Thumb Code    52  stm32f10x_usart.o(.text)
    NVIC_PriorityGroupConfig                 0x080076e1   Thumb Code    10  misc.o(.text)
    NVIC_Init                                0x080076eb   Thumb Code   100  misc.o(.text)
    NVIC_SetVectorTable                      0x0800774f   Thumb Code    14  misc.o(.text)
    NVIC_SystemLPConfig                      0x0800775d   Thumb Code    34  misc.o(.text)
    SysTick_CLKSourceConfig                  0x0800777f   Thumb Code    40  misc.o(.text)
    ADC_DeInit                               0x080077bd   Thumb Code    78  stm32f10x_adc.o(.text)
    ADC_Init                                 0x0800780b   Thumb Code    70  stm32f10x_adc.o(.text)
    ADC_StructInit                           0x08007851   Thumb Code    18  stm32f10x_adc.o(.text)
    ADC_Cmd                                  0x08007863   Thumb Code    22  stm32f10x_adc.o(.text)
    ADC_DMACmd                               0x08007879   Thumb Code    22  stm32f10x_adc.o(.text)
    ADC_ITConfig                             0x0800788f   Thumb Code    24  stm32f10x_adc.o(.text)
    ADC_ResetCalibration                     0x080078a7   Thumb Code    10  stm32f10x_adc.o(.text)
    ADC_GetResetCalibrationStatus            0x080078b1   Thumb Code    20  stm32f10x_adc.o(.text)
    ADC_StartCalibration                     0x080078c5   Thumb Code    10  stm32f10x_adc.o(.text)
    ADC_GetCalibrationStatus                 0x080078cf   Thumb Code    20  stm32f10x_adc.o(.text)
    ADC_SoftwareStartConvCmd                 0x080078e3   Thumb Code    22  stm32f10x_adc.o(.text)
    ADC_GetSoftwareStartConvStatus           0x080078f9   Thumb Code    20  stm32f10x_adc.o(.text)
    ADC_DiscModeChannelCountConfig           0x0800790d   Thumb Code    24  stm32f10x_adc.o(.text)
    ADC_DiscModeCmd                          0x08007925   Thumb Code    22  stm32f10x_adc.o(.text)
    ADC_RegularChannelConfig                 0x0800793b   Thumb Code   184  stm32f10x_adc.o(.text)
    ADC_ExternalTrigConvCmd                  0x080079f3   Thumb Code    22  stm32f10x_adc.o(.text)
    ADC_GetConversionValue                   0x08007a09   Thumb Code     8  stm32f10x_adc.o(.text)
    ADC_GetDualModeConversionValue           0x08007a11   Thumb Code     8  stm32f10x_adc.o(.text)
    ADC_AutoInjectedConvCmd                  0x08007a19   Thumb Code    22  stm32f10x_adc.o(.text)
    ADC_InjectedDiscModeCmd                  0x08007a2f   Thumb Code    22  stm32f10x_adc.o(.text)
    ADC_ExternalTrigInjectedConvConfig       0x08007a45   Thumb Code    16  stm32f10x_adc.o(.text)
    ADC_ExternalTrigInjectedConvCmd          0x08007a55   Thumb Code    22  stm32f10x_adc.o(.text)
    ADC_SoftwareStartInjectedConvCmd         0x08007a6b   Thumb Code    22  stm32f10x_adc.o(.text)
    ADC_GetSoftwareStartInjectedConvCmdStatus 0x08007a81   Thumb Code    20  stm32f10x_adc.o(.text)
    ADC_InjectedChannelConfig                0x08007a95   Thumb Code   130  stm32f10x_adc.o(.text)
    ADC_InjectedSequencerLengthConfig        0x08007b17   Thumb Code    24  stm32f10x_adc.o(.text)
    ADC_SetInjectedOffset                    0x08007b2f   Thumb Code    20  stm32f10x_adc.o(.text)
    ADC_GetInjectedConversionValue           0x08007b43   Thumb Code    28  stm32f10x_adc.o(.text)
    ADC_AnalogWatchdogCmd                    0x08007b5f   Thumb Code    16  stm32f10x_adc.o(.text)
    ADC_AnalogWatchdogThresholdsConfig       0x08007b6f   Thumb Code     6  stm32f10x_adc.o(.text)
    ADC_AnalogWatchdogSingleChannelConfig    0x08007b75   Thumb Code    16  stm32f10x_adc.o(.text)
    ADC_TempSensorVrefintCmd                 0x08007b85   Thumb Code    64  stm32f10x_adc.o(.text)
    ADC_GetFlagStatus                        0x08007bc5   Thumb Code    18  stm32f10x_adc.o(.text)
    ADC_ClearFlag                            0x08007bd7   Thumb Code     6  stm32f10x_adc.o(.text)
    ADC_GetITStatus                          0x08007bdd   Thumb Code    36  stm32f10x_adc.o(.text)
    ADC_ClearITPendingBit                    0x08007c01   Thumb Code    10  stm32f10x_adc.o(.text)
    DAC_DeInit                               0x08007c0d   Thumb Code    22  stm32f10x_dac.o(.text)
    DAC_Init                                 0x08007c23   Thumb Code    46  stm32f10x_dac.o(.text)
    DAC_StructInit                           0x08007c51   Thumb Code    12  stm32f10x_dac.o(.text)
    DAC_Cmd                                  0x08007c5d   Thumb Code    34  stm32f10x_dac.o(.text)
    DAC_DMACmd                               0x08007c7f   Thumb Code    38  stm32f10x_dac.o(.text)
    DAC_SoftwareTriggerCmd                   0x08007ca5   Thumb Code    48  stm32f10x_dac.o(.text)
    DAC_DualSoftwareTriggerCmd               0x08007cd5   Thumb Code    38  stm32f10x_dac.o(.text)
    DAC_WaveGenerationCmd                    0x08007cfb   Thumb Code    36  stm32f10x_dac.o(.text)
    DAC_SetChannel1Data                      0x08007d1f   Thumb Code    26  stm32f10x_dac.o(.text)
    DAC_SetChannel2Data                      0x08007d39   Thumb Code    26  stm32f10x_dac.o(.text)
    DAC_SetDualChannelData                   0x08007d53   Thumb Code    32  stm32f10x_dac.o(.text)
    DAC_GetDataOutputValue                   0x08007d73   Thumb Code    32  stm32f10x_dac.o(.text)
    __use_no_semihosting                     0x08007d99   Thumb Code     2  use_no_semi_2.o(.text)
    __2printf                                0x08007d9d   Thumb Code    20  noretval__2printf.o(.text)
    __printf                                 0x08007db5   Thumb Code   104  __printf.o(.text)
    _printf_int_hex                          0x08007e1d   Thumb Code    84  _printf_hex_int.o(.text)
    _printf_longlong_hex                     0x08007e1d   Thumb Code     0  _printf_hex_int.o(.text)
    __use_two_region_memory                  0x08007e75   Thumb Code     2  heapauxi.o(.text)
    __rt_heap_escrow$2region                 0x08007e77   Thumb Code     2  heapauxi.o(.text)
    __rt_heap_expand$2region                 0x08007e79   Thumb Code     2  heapauxi.o(.text)
    __I$use$semihosting                      0x08007e7b   Thumb Code     0  use_no_semi.o(.text)
    __use_no_semihosting_swi                 0x08007e7b   Thumb Code     2  use_no_semi.o(.text)
    __read_errno                             0x08007e7d   Thumb Code    10  _rserrno.o(.text)
    __set_errno                              0x08007e87   Thumb Code    12  _rserrno.o(.text)
    _printf_int_common                       0x08007e93   Thumb Code   178  _printf_intcommon.o(.text)
    _printf_char_file                        0x08007f45   Thumb Code    32  _printf_char_file.o(.text)
    __aeabi_errno_addr                       0x08007f69   Thumb Code     8  rt_errno_addr_intlibspace.o(.text)
    __errno$intlibspace                      0x08007f69   Thumb Code     0  rt_errno_addr_intlibspace.o(.text)
    __rt_errno_addr$intlibspace              0x08007f69   Thumb Code     0  rt_errno_addr_intlibspace.o(.text)
    _printf_char_common                      0x08007f7b   Thumb Code    32  _printf_char_common.o(.text)
    ferror                                   0x08007fa1   Thumb Code     8  ferror.o(.text)
    __user_libspace                          0x08007fa9   Thumb Code     8  libspace.o(.text)
    __user_perproc_libspace                  0x08007fa9   Thumb Code     0  libspace.o(.text)
    __user_perthread_libspace                0x08007fa9   Thumb Code     0  libspace.o(.text)
    __user_setup_stackheap                   0x08007fb1   Thumb Code    74  sys_stackheap_outer.o(.text)
    exit                                     0x08007ffb   Thumb Code    18  exit.o(.text)
    __kernel_poly                            0x0800800d   Thumb Code   170  poly.o(i.__kernel_poly)
    __mathlib_dbl_divzero                    0x080080b9   Thumb Code    12  dunder.o(i.__mathlib_dbl_divzero)
    __mathlib_dbl_infnan                     0x080080c9   Thumb Code     6  dunder.o(i.__mathlib_dbl_infnan)
    __mathlib_dbl_invalid                    0x080080cf   Thumb Code    12  dunder.o(i.__mathlib_dbl_invalid)
    log                                      0x080080dd   Thumb Code   808  log.o(i.log)
    log10                                    0x08008439   Thumb Code   198  log10.o(i.log10)
    __aeabi_d2f                              0x0800851d   Thumb Code     0  d2f.o(x$fpl$d2f)
    _d2f                                     0x0800851d   Thumb Code    98  d2f.o(x$fpl$d2f)
    __aeabi_dadd                             0x08008581   Thumb Code     0  daddsub_clz.o(x$fpl$dadd)
    _dadd                                    0x08008581   Thumb Code   332  daddsub_clz.o(x$fpl$dadd)
    __fpl_dcheck_NaN1                        0x080086d1   Thumb Code    10  dcheck1.o(x$fpl$dcheck1)
    __fpl_dcmp_Inf                           0x080086e1   Thumb Code    24  dcmpi.o(x$fpl$dcmpinf)
    __aeabi_ddiv                             0x080086f9   Thumb Code     0  ddiv.o(x$fpl$ddiv)
    _ddiv                                    0x080086f9   Thumb Code   552  ddiv.o(x$fpl$ddiv)
    __aeabi_cdcmpeq                          0x080089a9   Thumb Code     0  deqf.o(x$fpl$deqf)
    _dcmpeq                                  0x080089a9   Thumb Code   120  deqf.o(x$fpl$deqf)
    __aeabi_d2uiz                            0x08008a21   Thumb Code     0  dfixu.o(x$fpl$dfixu)
    _dfixu                                   0x08008a21   Thumb Code    90  dfixu.o(x$fpl$dfixu)
    __aeabi_i2d                              0x08008a7b   Thumb Code     0  dflt_clz.o(x$fpl$dflt)
    _dflt                                    0x08008a7b   Thumb Code    46  dflt_clz.o(x$fpl$dflt)
    __aeabi_ui2d                             0x08008aa9   Thumb Code     0  dflt_clz.o(x$fpl$dfltu)
    _dfltu                                   0x08008aa9   Thumb Code    38  dflt_clz.o(x$fpl$dfltu)
    __aeabi_dmul                             0x08008ad1   Thumb Code     0  dmul.o(x$fpl$dmul)
    _dmul                                    0x08008ad1   Thumb Code   332  dmul.o(x$fpl$dmul)
    __fpl_dnaninf                            0x08008c25   Thumb Code   156  dnaninf.o(x$fpl$dnaninf)
    __fpl_dretinf                            0x08008cc1   Thumb Code    12  dretinf.o(x$fpl$dretinf)
    __aeabi_drsub                            0x08008ccd   Thumb Code     0  daddsub_clz.o(x$fpl$drsb)
    _drsb                                    0x08008ccd   Thumb Code    22  daddsub_clz.o(x$fpl$drsb)
    __aeabi_dsub                             0x08008ce5   Thumb Code     0  daddsub_clz.o(x$fpl$dsub)
    _dsub                                    0x08008ce5   Thumb Code   464  daddsub_clz.o(x$fpl$dsub)
    __aeabi_f2d                              0x08008eb9   Thumb Code     0  f2d.o(x$fpl$f2d)
    _f2d                                     0x08008eb9   Thumb Code    86  f2d.o(x$fpl$f2d)
    __aeabi_fadd                             0x08008f11   Thumb Code     0  faddsub_clz.o(x$fpl$fadd)
    _fadd                                    0x08008f11   Thumb Code   196  faddsub_clz.o(x$fpl$fadd)
    __aeabi_fdiv                             0x08008fd5   Thumb Code     0  fdiv.o(x$fpl$fdiv)
    _fdiv                                    0x08008fd5   Thumb Code   384  fdiv.o(x$fpl$fdiv)
    __aeabi_f2uiz                            0x08009159   Thumb Code     0  ffixu.o(x$fpl$ffixu)
    _ffixu                                   0x08009159   Thumb Code    62  ffixu.o(x$fpl$ffixu)
    __aeabi_i2f                              0x08009199   Thumb Code     0  fflt_clz.o(x$fpl$fflt)
    _fflt                                    0x08009199   Thumb Code    48  fflt_clz.o(x$fpl$fflt)
    __aeabi_ui2f                             0x080091c9   Thumb Code     0  fflt_clz.o(x$fpl$ffltu)
    _ffltu                                   0x080091c9   Thumb Code    38  fflt_clz.o(x$fpl$ffltu)
    __aeabi_fmul                             0x080091f1   Thumb Code     0  fmul.o(x$fpl$fmul)
    _fmul                                    0x080091f1   Thumb Code   258  fmul.o(x$fpl$fmul)
    __fpl_fnaninf                            0x080092f3   Thumb Code   140  fnaninf.o(x$fpl$fnaninf)
    __fpl_fretinf                            0x0800937f   Thumb Code    10  fretinf.o(x$fpl$fretinf)
    __aeabi_fsub                             0x08009389   Thumb Code     0  faddsub_clz.o(x$fpl$fsub)
    _fsub                                    0x08009389   Thumb Code   234  faddsub_clz.o(x$fpl$fsub)
    __fpl_return_NaN                         0x08009473   Thumb Code   100  retnan.o(x$fpl$retnan)
    __ARM_scalbn                             0x080094d7   Thumb Code    92  scalbn.o(x$fpl$scalbn)
    __fpl_cmpreturn                          0x08009533   Thumb Code    48  trapv.o(x$fpl$trapveneer)
    __I$use$fp                               0x08009562   Number         0  usenofp.o(x$fpl$usenofp)
    asc2_1206                                0x08009562   Data        1140  lcd.o(.constdata)
    asc2_1608                                0x080099d6   Data        1520  lcd.o(.constdata)
    asc2_2412                                0x08009fc6   Data        3420  lcd.o(.constdata)
    __mathlib_zero                           0x0800ad88   Data           8  qnan.o(.constdata)
    Region$$Table$$Base                      0x0800ad90   Number         0  anon$$obj.o(Region$$Table)
    Region$$Table$$Limit                     0x0800adb0   Number         0  anon$$obj.o(Region$$Table)
    mode                                     0x20000000   Data           4  main.o(.data)
    i                                        0x20000004   Data           4  main.o(.data)
    j                                        0x20000008   Data           4  main.o(.data)
    U_Rmax                                   0x2000000c   Data           4  main.o(.data)
    U_Rmin                                   0x20000010   Data           4  main.o(.data)
    U_out1                                   0x20000014   Data           4  main.o(.data)
    U_out1min                                0x20000018   Data           4  main.o(.data)
    U_out2                                   0x2000001c   Data           4  main.o(.data)
    U_out2min                                0x20000020   Data           4  main.o(.data)
    Uout                                     0x20000024   Data           4  main.o(.data)
    Uin_PP                                   0x20000028   Data           4  main.o(.data)
    temp                                     0x2000002c   Data           4  main.o(.data)
    Udds                                     0x20000030   Data           4  main.o(.data)
    Ri                                       0x20000034   Data           4  main.o(.data)
    Rin                                      0x20000038   Data           4  main.o(.data)
    Ro                                       0x2000003c   Data           4  main.o(.data)
    Rout                                     0x20000040   Data           4  main.o(.data)
    change                                   0x20000044   Data           4  main.o(.data)
    key_i                                    0x20000048   Data           4  main.o(.data)
    Y                                        0x2000004c   Data         124  main.o(.data)
    gain                                     0x200000c8   Data           4  main.o(.data)
    f                                        0x200000cc   Data          52  main.o(.data)
    R1_state                                 0x20000100   Data           4  main.o(.data)
    R2_state                                 0x20000104   Data           4  main.o(.data)
    R3_state                                 0x20000108   Data           4  main.o(.data)
    R4_state                                 0x2000010c   Data           4  main.o(.data)
    C1_state                                 0x20000110   Data           4  main.o(.data)
    C2_state                                 0x20000114   Data           4  main.o(.data)
    C3_state                                 0x20000118   Data           4  main.o(.data)
    t                                        0x2000011c   Data           4  main.o(.data)
    SystemCoreClock                          0x20000120   Data           4  system_stm32f10x.o(.data)
    AHBPrescTable                            0x20000124   Data          16  system_stm32f10x.o(.data)
    POINT_COLOR                              0x20000134   Data           2  lcd.o(.data)
    BACK_COLOR                               0x20000136   Data           2  lcd.o(.data)
    __stdout                                 0x20000140   Data           4  usart.o(.data)
    USART_RX_STA                             0x20000144   Data           2  usart.o(.data)
    lcddev                                   0x2000015c   Data          14  lcd.o(.bss)
    USART_RX_BUF                             0x2000016a   Data         200  usart.o(.bss)
    __libspace_start                         0x20000234   Data          96  libspace.o(.bss)
    __temporary_stack_top$libspace           0x20000294   Data           0  libspace.o(.bss)



==============================================================================

Memory Map of the image

  Image Entry point : 0x08000131

  Load Region LR_IROM1 (Base: 0x08000000, Size: 0x0000af0c, Max: 0x00040000, ABSOLUTE, COMPRESSED[0x0000ae30])

    Execution Region ER_IROM1 (Exec base: 0x08000000, Load base: 0x08000000, Size: 0x0000adb0, Max: 0x00040000, ABSOLUTE)

    Exec Addr    Load Addr    Size         Type   Attr      Idx    E Section Name        Object

    0x08000000   0x08000000   0x00000130   Data   RO          360    RESET               startup_stm32f10x_hd.o
    0x08000130   0x08000130   0x00000008   Code   RO          506  * !!!main             c_w.l(__main.o)
    0x08000138   0x08000138   0x00000034   Code   RO          787    !!!scatter          c_w.l(__scatter.o)
    0x0800016c   0x0800016c   0x0000005a   Code   RO          785    !!dczerorl2         c_w.l(__dczerorl2.o)
    0x080001c6   0x080001c6   0x00000002   PAD
    0x080001c8   0x080001c8   0x0000001c   Code   RO          789    !!handler_zi        c_w.l(__scatter_zi.o)
    0x080001e4   0x080001e4   0x00000000   Code   RO          503    .ARM.Collect$$_printf_percent$$00000000  c_w.l(_printf_percent.o)
    0x080001e4   0x080001e4   0x00000006   Code   RO          502    .ARM.Collect$$_printf_percent$$0000000C  c_w.l(_printf_x.o)
    0x080001ea   0x080001ea   0x00000004   Code   RO          573    .ARM.Collect$$_printf_percent$$00000017  c_w.l(_printf_percent_end.o)
    0x080001ee   0x080001ee   0x00000002   Code   RO          656    .ARM.Collect$$libinit$$00000000  c_w.l(libinit.o)
    0x080001f0   0x080001f0   0x00000000   Code   RO          664    .ARM.Collect$$libinit$$00000002  c_w.l(libinit2.o)
    0x080001f0   0x080001f0   0x00000000   Code   RO          666    .ARM.Collect$$libinit$$00000004  c_w.l(libinit2.o)
    0x080001f0   0x080001f0   0x00000000   Code   RO          669    .ARM.Collect$$libinit$$0000000A  c_w.l(libinit2.o)
    0x080001f0   0x080001f0   0x00000000   Code   RO          671    .ARM.Collect$$libinit$$0000000C  c_w.l(libinit2.o)
    0x080001f0   0x080001f0   0x00000000   Code   RO          673    .ARM.Collect$$libinit$$0000000E  c_w.l(libinit2.o)
    0x080001f0   0x080001f0   0x00000000   Code   RO          676    .ARM.Collect$$libinit$$00000011  c_w.l(libinit2.o)
    0x080001f0   0x080001f0   0x00000000   Code   RO          678    .ARM.Collect$$libinit$$00000013  c_w.l(libinit2.o)
    0x080001f0   0x080001f0   0x00000000   Code   RO          680    .ARM.Collect$$libinit$$00000015  c_w.l(libinit2.o)
    0x080001f0   0x080001f0   0x00000000   Code   RO          682    .ARM.Collect$$libinit$$00000017  c_w.l(libinit2.o)
    0x080001f0   0x080001f0   0x00000000   Code   RO          684    .ARM.Collect$$libinit$$00000019  c_w.l(libinit2.o)
    0x080001f0   0x080001f0   0x00000000   Code   RO          686    .ARM.Collect$$libinit$$0000001B  c_w.l(libinit2.o)
    0x080001f0   0x080001f0   0x00000000   Code   RO          688    .ARM.Collect$$libinit$$0000001D  c_w.l(libinit2.o)
    0x080001f0   0x080001f0   0x00000000   Code   RO          690    .ARM.Collect$$libinit$$0000001F  c_w.l(libinit2.o)
    0x080001f0   0x080001f0   0x00000000   Code   RO          692    .ARM.Collect$$libinit$$00000021  c_w.l(libinit2.o)
    0x080001f0   0x080001f0   0x00000000   Code   RO          694    .ARM.Collect$$libinit$$00000023  c_w.l(libinit2.o)
    0x080001f0   0x080001f0   0x00000000   Code   RO          696    .ARM.Collect$$libinit$$00000025  c_w.l(libinit2.o)
    0x080001f0   0x080001f0   0x00000000   Code   RO          700    .ARM.Collect$$libinit$$0000002C  c_w.l(libinit2.o)
    0x080001f0   0x080001f0   0x00000000   Code   RO          702    .ARM.Collect$$libinit$$0000002E  c_w.l(libinit2.o)
    0x080001f0   0x080001f0   0x00000000   Code   RO          704    .ARM.Collect$$libinit$$00000030  c_w.l(libinit2.o)
    0x080001f0   0x080001f0   0x00000000   Code   RO          706    .ARM.Collect$$libinit$$00000032  c_w.l(libinit2.o)
    0x080001f0   0x080001f0   0x00000002   Code   RO          707    .ARM.Collect$$libinit$$00000033  c_w.l(libinit2.o)
    0x080001f2   0x080001f2   0x00000002   Code   RO          727    .ARM.Collect$$libshutdown$$00000000  c_w.l(libshutdown.o)
    0x080001f4   0x080001f4   0x00000000   Code   RO          737    .ARM.Collect$$libshutdown$$00000002  c_w.l(libshutdown2.o)
    0x080001f4   0x080001f4   0x00000000   Code   RO          739    .ARM.Collect$$libshutdown$$00000004  c_w.l(libshutdown2.o)
    0x080001f4   0x080001f4   0x00000000   Code   RO          742    .ARM.Collect$$libshutdown$$00000007  c_w.l(libshutdown2.o)
    0x080001f4   0x080001f4   0x00000000   Code   RO          745    .ARM.Collect$$libshutdown$$0000000A  c_w.l(libshutdown2.o)
    0x080001f4   0x080001f4   0x00000000   Code   RO          747    .ARM.Collect$$libshutdown$$0000000C  c_w.l(libshutdown2.o)
    0x080001f4   0x080001f4   0x00000000   Code   RO          750    .ARM.Collect$$libshutdown$$0000000F  c_w.l(libshutdown2.o)
    0x080001f4   0x080001f4   0x00000002   Code   RO          751    .ARM.Collect$$libshutdown$$00000010  c_w.l(libshutdown2.o)
    0x080001f6   0x080001f6   0x00000000   Code   RO          566    .ARM.Collect$$rtentry$$00000000  c_w.l(__rtentry.o)
    0x080001f6   0x080001f6   0x00000000   Code   RO          610    .ARM.Collect$$rtentry$$00000002  c_w.l(__rtentry2.o)
    0x080001f6   0x080001f6   0x00000006   Code   RO          622    .ARM.Collect$$rtentry$$00000004  c_w.l(__rtentry4.o)
    0x080001fc   0x080001fc   0x00000000   Code   RO          612    .ARM.Collect$$rtentry$$00000009  c_w.l(__rtentry2.o)
    0x080001fc   0x080001fc   0x00000004   Code   RO          613    .ARM.Collect$$rtentry$$0000000A  c_w.l(__rtentry2.o)
    0x08000200   0x08000200   0x00000000   Code   RO          615    .ARM.Collect$$rtentry$$0000000C  c_w.l(__rtentry2.o)
    0x08000200   0x08000200   0x00000008   Code   RO          616    .ARM.Collect$$rtentry$$0000000D  c_w.l(__rtentry2.o)
    0x08000208   0x08000208   0x00000002   Code   RO          661    .ARM.Collect$$rtexit$$00000000  c_w.l(rtexit.o)
    0x0800020a   0x0800020a   0x00000000   Code   RO          711    .ARM.Collect$$rtexit$$00000002  c_w.l(rtexit2.o)
    0x0800020a   0x0800020a   0x00000004   Code   RO          712    .ARM.Collect$$rtexit$$00000003  c_w.l(rtexit2.o)
    0x0800020e   0x0800020e   0x00000006   Code   RO          713    .ARM.Collect$$rtexit$$00000004  c_w.l(rtexit2.o)
    0x08000214   0x08000214   0x00000a3c   Code   RO            1    .text               main.o
    0x08000c50   0x08000c50   0x0000001a   Code   RO          144    .text               stm32f10x_it.o
    0x08000c6a   0x08000c6a   0x00000002   PAD
    0x08000c6c   0x08000c6c   0x000001e0   Code   RO          185    .text               system_stm32f10x.o
    0x08000e4c   0x08000e4c   0x00000050   Code   RO          203    .text               led.o
    0x08000e9c   0x08000e9c   0x00005846   Code   RO          215    .text               lcd.o
    0x080066e2   0x080066e2   0x00000002   PAD
    0x080066e4   0x080066e4   0x000000e8   Code   RO          245    .text               adc.o
    0x080067cc   0x080067cc   0x000000fc   Code   RO          257    .text               key.o
    0x080068c8   0x080068c8   0x000000bc   Code   RO          270    .text               dac.o
    0x08006984   0x08006984   0x000000d4   Code   RO          294    .text               delay.o
    0x08006a58   0x08006a58   0x00000140   Code   RO          325    .text               usart.o
    0x08006b98   0x08006b98   0x00000040   Code   RO          361    .text               startup_stm32f10x_hd.o
    0x08006bd8   0x08006bd8   0x0000035c   Code   RO          365    .text               stm32f10x_gpio.o
    0x08006f34   0x08006f34   0x000003a4   Code   RO          377    .text               stm32f10x_rcc.o
    0x080072d8   0x080072d8   0x00000408   Code   RO          391    .text               stm32f10x_usart.o
    0x080076e0   0x080076e0   0x000000dc   Code   RO          403    .text               misc.o
    0x080077bc   0x080077bc   0x0000044e   Code   RO          415    .text               stm32f10x_adc.o
    0x08007c0a   0x08007c0a   0x00000002   PAD
    0x08007c0c   0x08007c0c   0x0000018c   Code   RO          427    .text               stm32f10x_dac.o
    0x08007d98   0x08007d98   0x00000002   Code   RO          453    .text               c_w.l(use_no_semi_2.o)
    0x08007d9a   0x08007d9a   0x00000002   PAD
    0x08007d9c   0x08007d9c   0x00000018   Code   RO          457    .text               c_w.l(noretval__2printf.o)
    0x08007db4   0x08007db4   0x00000068   Code   RO          459    .text               c_w.l(__printf.o)
    0x08007e1c   0x08007e1c   0x00000058   Code   RO          464    .text               c_w.l(_printf_hex_int.o)
    0x08007e74   0x08007e74   0x00000006   Code   RO          504    .text               c_w.l(heapauxi.o)
    0x08007e7a   0x08007e7a   0x00000002   Code   RO          564    .text               c_w.l(use_no_semi.o)
    0x08007e7c   0x08007e7c   0x00000016   Code   RO          567    .text               c_w.l(_rserrno.o)
    0x08007e92   0x08007e92   0x000000b2   Code   RO          569    .text               c_w.l(_printf_intcommon.o)
    0x08007f44   0x08007f44   0x00000024   Code   RO          571    .text               c_w.l(_printf_char_file.o)
    0x08007f68   0x08007f68   0x00000008   Code   RO          627    .text               c_w.l(rt_errno_addr_intlibspace.o)
    0x08007f70   0x08007f70   0x00000030   Code   RO          629    .text               c_w.l(_printf_char_common.o)
    0x08007fa0   0x08007fa0   0x00000008   Code   RO          631    .text               c_w.l(ferror.o)
    0x08007fa8   0x08007fa8   0x00000008   Code   RO          642    .text               c_w.l(libspace.o)
    0x08007fb0   0x08007fb0   0x0000004a   Code   RO          645    .text               c_w.l(sys_stackheap_outer.o)
    0x08007ffa   0x08007ffa   0x00000012   Code   RO          649    .text               c_w.l(exit.o)
    0x0800800c   0x0800800c   0x000000aa   Code   RO          639    i.__kernel_poly     m_ws.l(poly.o)
    0x080080b6   0x080080b6   0x00000002   PAD
    0x080080b8   0x080080b8   0x00000010   Code   RO          585    i.__mathlib_dbl_divzero  m_ws.l(dunder.o)
    0x080080c8   0x080080c8   0x00000006   Code   RO          586    i.__mathlib_dbl_infnan  m_ws.l(dunder.o)
    0x080080ce   0x080080ce   0x0000000c   Code   RO          588    i.__mathlib_dbl_invalid  m_ws.l(dunder.o)
    0x080080da   0x080080da   0x00000002   PAD
    0x080080dc   0x080080dc   0x0000035c   Code   RO          600    i.log               m_ws.l(log.o)
    0x08008438   0x08008438   0x000000e4   Code   RO          557    i.log10             m_ws.l(log10.o)
    0x0800851c   0x0800851c   0x00000062   Code   RO          508    x$fpl$d2f           fz_ws.l(d2f.o)
    0x0800857e   0x0800857e   0x00000002   PAD
    0x08008580   0x08008580   0x00000150   Code   RO          510    x$fpl$dadd          fz_ws.l(daddsub_clz.o)
    0x080086d0   0x080086d0   0x00000010   Code   RO          635    x$fpl$dcheck1       fz_ws.l(dcheck1.o)
    0x080086e0   0x080086e0   0x00000018   Code   RO          657    x$fpl$dcmpinf       fz_ws.l(dcmpi.o)
    0x080086f8   0x080086f8   0x000002b0   Code   RO          517    x$fpl$ddiv          fz_ws.l(ddiv.o)
    0x080089a8   0x080089a8   0x00000078   Code   RO          637    x$fpl$deqf          fz_ws.l(deqf.o)
    0x08008a20   0x08008a20   0x0000005a   Code   RO          520    x$fpl$dfixu         fz_ws.l(dfixu.o)
    0x08008a7a   0x08008a7a   0x0000002e   Code   RO          525    x$fpl$dflt          fz_ws.l(dflt_clz.o)
    0x08008aa8   0x08008aa8   0x00000026   Code   RO          524    x$fpl$dfltu         fz_ws.l(dflt_clz.o)
    0x08008ace   0x08008ace   0x00000002   PAD
    0x08008ad0   0x08008ad0   0x00000154   Code   RO          530    x$fpl$dmul          fz_ws.l(dmul.o)
    0x08008c24   0x08008c24   0x0000009c   Code   RO          574    x$fpl$dnaninf       fz_ws.l(dnaninf.o)
    0x08008cc0   0x08008cc0   0x0000000c   Code   RO          576    x$fpl$dretinf       fz_ws.l(dretinf.o)
    0x08008ccc   0x08008ccc   0x00000016   Code   RO          511    x$fpl$drsb          fz_ws.l(daddsub_clz.o)
    0x08008ce2   0x08008ce2   0x00000002   PAD
    0x08008ce4   0x08008ce4   0x000001d4   Code   RO          512    x$fpl$dsub          fz_ws.l(daddsub_clz.o)
    0x08008eb8   0x08008eb8   0x00000056   Code   RO          532    x$fpl$f2d           fz_ws.l(f2d.o)
    0x08008f0e   0x08008f0e   0x00000002   PAD
    0x08008f10   0x08008f10   0x000000c4   Code   RO          534    x$fpl$fadd          fz_ws.l(faddsub_clz.o)
    0x08008fd4   0x08008fd4   0x00000184   Code   RO          541    x$fpl$fdiv          fz_ws.l(fdiv.o)
    0x08009158   0x08009158   0x0000003e   Code   RO          544    x$fpl$ffixu         fz_ws.l(ffixu.o)
    0x08009196   0x08009196   0x00000002   PAD
    0x08009198   0x08009198   0x00000030   Code   RO          549    x$fpl$fflt          fz_ws.l(fflt_clz.o)
    0x080091c8   0x080091c8   0x00000026   Code   RO          548    x$fpl$ffltu         fz_ws.l(fflt_clz.o)
    0x080091ee   0x080091ee   0x00000002   PAD
    0x080091f0   0x080091f0   0x00000102   Code   RO          554    x$fpl$fmul          fz_ws.l(fmul.o)
    0x080092f2   0x080092f2   0x0000008c   Code   RO          578    x$fpl$fnaninf       fz_ws.l(fnaninf.o)
    0x0800937e   0x0800937e   0x0000000a   Code   RO          580    x$fpl$fretinf       fz_ws.l(fretinf.o)
    0x08009388   0x08009388   0x000000ea   Code   RO          536    x$fpl$fsub          fz_ws.l(faddsub_clz.o)
    0x08009472   0x08009472   0x00000064   Code   RO          659    x$fpl$retnan        fz_ws.l(retnan.o)
    0x080094d6   0x080094d6   0x0000005c   Code   RO          582    x$fpl$scalbn        fz_ws.l(scalbn.o)
    0x08009532   0x08009532   0x00000030   Code   RO          708    x$fpl$trapveneer    fz_ws.l(trapv.o)
    0x08009562   0x08009562   0x00000000   Code   RO          584    x$fpl$usenofp       fz_ws.l(usenofp.o)
    0x08009562   0x08009562   0x000017c0   Data   RO          217    .constdata          lcd.o
    0x0800ad22   0x0800ad22   0x00000028   Data   RO          465    .constdata          c_w.l(_printf_hex_int.o)
    0x0800ad4a   0x0800ad4a   0x00000006   PAD
    0x0800ad50   0x0800ad50   0x00000038   Data   RO          601    .constdata          m_ws.l(log.o)
    0x0800ad88   0x0800ad88   0x00000008   Data   RO          641    .constdata          m_ws.l(qnan.o)
    0x0800ad90   0x0800ad90   0x00000020   Data   RO          783    Region$$Table       anon$$obj.o


    Execution Region RW_IRAM1 (Exec base: 0x20000000, Load base: 0x0800adb0, Size: 0x00000898, Max: 0x0000c000, ABSOLUTE, COMPRESSED[0x00000080])

    Exec Addr    Load Addr    Size         Type   Attr      Idx    E Section Name        Object

    0x20000000   COMPRESSED   0x00000120   Data   RW            2    .data               main.o
    0x20000120   COMPRESSED   0x00000014   Data   RW          186    .data               system_stm32f10x.o
    0x20000134   COMPRESSED   0x00000004   Data   RW          218    .data               lcd.o
    0x20000138   COMPRESSED   0x00000001   Data   RW          258    .data               key.o
    0x20000139   COMPRESSED   0x00000001   PAD
    0x2000013a   COMPRESSED   0x00000004   Data   RW          295    .data               delay.o
    0x2000013e   COMPRESSED   0x00000002   PAD
    0x20000140   COMPRESSED   0x00000006   Data   RW          327    .data               usart.o
    0x20000146   COMPRESSED   0x00000014   Data   RW          378    .data               stm32f10x_rcc.o
    0x2000015a   COMPRESSED   0x00000002   PAD
    0x2000015c        -       0x0000000e   Zero   RW          216    .bss                lcd.o
    0x2000016a        -       0x000000c8   Zero   RW          326    .bss                usart.o
    0x20000232   COMPRESSED   0x00000002   PAD
    0x20000234        -       0x00000060   Zero   RW          643    .bss                c_w.l(libspace.o)
    0x20000294   COMPRESSED   0x00000004   PAD
    0x20000298        -       0x00000200   Zero   RW          359    HEAP                startup_stm32f10x_hd.o
    0x20000498        -       0x00000400   Zero   RW          358    STACK               startup_stm32f10x_hd.o


==============================================================================

Image component sizes


      Code (inc. data)   RO Data    RW Data    ZI Data      Debug   Object Name

       232          8          0          0          0       1171   adc.o
       188         14          0          0          0        861   dac.o
       212         18          0          4          0       1183   delay.o
       252         16          0          1          0        908   key.o
     22598        208       6080          4         14      25351   lcd.o
        80          8          0          0          0        567   led.o
      2620        338          0        288          0     249780   main.o
       220         22          0          0          0       1937   misc.o
        64         26        304          0       1536        848   startup_stm32f10x_hd.o
      1102         26          0          0          0      11181   stm32f10x_adc.o
       396          6          0          0          0       3802   stm32f10x_dac.o
       860         38          0          0          0       5873   stm32f10x_gpio.o
        26          0          0          0          0       1250   stm32f10x_it.o
       932         36          0         20          0       9124   stm32f10x_rcc.o
      1032         22          0          0          0       8596   stm32f10x_usart.o
         0          0          0          0          0         32   sys.o
       480         38          0         20          0       1947   system_stm32f10x.o
       320         16          0          6        200       3378   usart.o

    ----------------------------------------------------------------------
     31620        840       6416        348       1752     327789   Object Totals
         0          0         32          0          0          0   (incl. Generated)
         6          0          0          5          2          0   (incl. Padding)

    ----------------------------------------------------------------------

      Code (inc. data)   RO Data    RW Data    ZI Data      Debug   Library Member Name

        90          0          0          0          0          0   __dczerorl2.o
         8          0          0          0          0         68   __main.o
       104          0          0          0          0         84   __printf.o
         0          0          0          0          0          0   __rtentry.o
        12          0          0          0          0          0   __rtentry2.o
         6          0          0          0          0          0   __rtentry4.o
        52          8          0          0          0          0   __scatter.o
        28          0          0          0          0          0   __scatter_zi.o
        48          6          0          0          0         96   _printf_char_common.o
        36          4          0          0          0         80   _printf_char_file.o
        88          4         40          0          0         88   _printf_hex_int.o
       178          0          0          0          0         88   _printf_intcommon.o
         0          0          0          0          0          0   _printf_percent.o
         4          0          0          0          0          0   _printf_percent_end.o
         6          0          0          0          0          0   _printf_x.o
        22          0          0          0          0        100   _rserrno.o
        18          0          0          0          0         80   exit.o
         8          0          0          0          0         68   ferror.o
         6          0          0          0          0        152   heapauxi.o
         2          0          0          0          0          0   libinit.o
         2          0          0          0          0          0   libinit2.o
         2          0          0          0          0          0   libshutdown.o
         2          0          0          0          0          0   libshutdown2.o
         8          4          0          0         96         68   libspace.o
        24          4          0          0          0         84   noretval__2printf.o
         8          4          0          0          0         68   rt_errno_addr_intlibspace.o
         2          0          0          0          0          0   rtexit.o
        10          0          0          0          0          0   rtexit2.o
        74          0          0          0          0         80   sys_stackheap_outer.o
         2          0          0          0          0         68   use_no_semi.o
         2          0          0          0          0         68   use_no_semi_2.o
        98          4          0          0          0         92   d2f.o
       826         16          0          0          0        348   daddsub_clz.o
        16          4          0          0          0         68   dcheck1.o
        24          0          0          0          0         68   dcmpi.o
       688        140          0          0          0        208   ddiv.o
       120          4          0          0          0         92   deqf.o
        90          4          0          0          0         92   dfixu.o
        84          0          0          0          0        136   dflt_clz.o
       340         12          0          0          0        104   dmul.o
       156          4          0          0          0         92   dnaninf.o
        12          0          0          0          0         68   dretinf.o
        86          4          0          0          0         84   f2d.o
       430          8          0          0          0        168   faddsub_clz.o
       388         76          0          0          0         96   fdiv.o
        62          4          0          0          0         84   ffixu.o
        86          0          0          0          0        136   fflt_clz.o
       258          4          0          0          0         84   fmul.o
       140          4          0          0          0         84   fnaninf.o
        10          0          0          0          0         68   fretinf.o
       100          0          0          0          0         68   retnan.o
        92          0          0          0          0         68   scalbn.o
        48          0          0          0          0         68   trapv.o
         0          0          0          0          0          0   usenofp.o
        34          4          0          0          0        204   dunder.o
       860         52         56          0          0        256   log.o
       228         30          0          0          0        120   log10.o
       170          0          0          0          0         96   poly.o
         0          0          8          0          0          0   qnan.o

    ----------------------------------------------------------------------
      6318        408        110          0        100       4392   Library Totals
        20          0          6          0          4          0   (incl. Padding)

    ----------------------------------------------------------------------

      Code (inc. data)   RO Data    RW Data    ZI Data      Debug   Library Name

       852         34         40          0         96       1340   c_w.l
      4154        288          0          0          0       2376   fz_ws.l
      1292         86         64          0          0        676   m_ws.l

    ----------------------------------------------------------------------
      6318        408        110          0        100       4392   Library Totals

    ----------------------------------------------------------------------

==============================================================================


      Code (inc. data)   RO Data    RW Data    ZI Data      Debug   

     37938       1248       6526        348       1852     328485   Grand Totals
     37938       1248       6526        128       1852     328485   ELF Image Totals (compressed)
     37938       1248       6526        128          0          0   ROM Totals

==============================================================================

    Total RO  Size (Code + RO Data)                44464 (  43.42kB)
    Total RW  Size (RW Data + ZI Data)              2200 (   2.15kB)
    Total ROM Size (Code + RO Data + RW Data)      44592 (  43.55kB)

==============================================================================

