<html>
<body>
<pre>
<h1>µVision Build Log</h1>
<h2>Tool Versions:</h2>
IDE-Version: ¦ÌVision V5.26.2.0
Copyright (C) 2018 ARM Ltd and ARM Germany GmbH. All rights reserved.
License Information: 1 1, 1, LIC=LSN01-C2NWR-12XLE-5GIFQ-CHLEU-6784C
 
Tool Versions:
Toolchain:       MDK-ARM Plus  Version: 5.26.2.0
Toolchain Path:  C:\keil\ARM\ARMCC\Bin
C Compiler:      Armcc.exe V5.06 update 6 (build 750)
Assembler:       Armasm.exe V5.06 update 6 (build 750)
Linker/Locator:  ArmLink.exe V5.06 update 6 (build 750)
Library Manager: ArmAr.exe V5.06 update 6 (build 750)
Hex Converter:   FromElf.exe V5.06 update 6 (build 750)
CPU DLL:         SARMCM3.DLL V5.26.2.0
Dialog DLL:      DARMSTM.DLL V1.68.0.0
Target DLL:      Segger\JL2CM3.dll V2.99.31.0
Dialog DLL:      TARMSTM.DLL V1.66.0.0
 
<h2>Project:</h2>
C:\Users\93243\Desktop\µ¥FFT²âÊÔÄ£°å\WHILE\ÂË²¨ 1.0\USER\DAC.uvprojx
Project File Date:  07/31/2019

<h2>Output:</h2>
*** Using Compiler 'V5.06 update 6 (build 750)', folder: 'C:\keil\ARM\ARMCC\Bin'
Rebuild target 'Target 1'
compiling stm32f10x_it.c...
compiling timer.c...
compiling main.c...
compiling led.c...
compiling system_stm32f10x.c...
compiling STM32_WaveOutput.c...
compiling stm32f10x_dma.c...
compiling stm32f10x_tim.c...
assembling startup_stm32f10x_hd.s...
compiling key.c...
compiling adc.c...
compiling delay.c...
compiling dac.c...
compiling usart.c...
compiling stm32f10x_gpio.c...
compiling sys.c...
assembling cr4_fft_64_stm32.s...
assembling cr4_fft_256_stm32.s...
compiling lcd.c...
assembling cr4_fft_1024_stm32.s...
assembling fir_stm32.s...
compiling misc.c...
compiling stm32f10x_rcc.c...
compiling stm32f10x_usart.c...
assembling iirarma_stm32.s...
compiling stm32f10x_dac.c...
compiling stm32f10x_adc.c...
linking...
Program Size: Code=45126 RO-data=6458 RW-data=4284 ZI-data=37308  
FromELF: creating hex file...
"..\OBJ\DAC.axf" - 0 Error(s), 0 Warning(s).

<h2>Software Packages used:</h2>

Package Vendor: ARM
                http://www.keil.com/pack/ARM.CMSIS.5.6.0.pack
                ARM.CMSIS.5.6.0
                CMSIS (Cortex Microcontroller Software Interface Standard)
   * Component: CORE Version: 5.3.0

Package Vendor: Keil
                http://www.keil.com/pack/Keil.STM32F1xx_DFP.2.3.0.pack
                Keil.STM32F1xx_DFP.2.3.0
                STMicroelectronics STM32F1 Series Device Support, Drivers and Examples

<h2>Collection of Component include folders:</h2>
  .\RTE\_Target_1
  C:\keil\ARM\CMSIS\5.6.0\CMSIS\Core\Include
  C:\keil\Keil\STM32F1xx_DFP\2.3.0\Device\Include

<h2>Collection of Component Files used:</h2>

   * Component: ARM::CMSIS:CORE:5.3.0
Build Time Elapsed:  00:00:04
</pre>
</body>
</html>
